   1               		.file	"main.c"
   2               	__SP_H__ = 0x3e
   3               	__SP_L__ = 0x3d
   4               	__SREG__ = 0x3f
   5               	__tmp_reg__ = 0
   6               	__zero_reg__ = 1
   8               		.text
   9               	.Ltext0:
 115               	.global	send_uart_char
 117               	send_uart_char:
 119               	.Ltext1:
   1:/Users/atakane/Documents/Electronics/avrSHT/avrSHT/sht/sht.c **** //
   2:/Users/atakane/Documents/Electronics/avrSHT/avrSHT/sht/sht.c **** //  sht.c
   3:/Users/atakane/Documents/Electronics/avrSHT/avrSHT/sht/sht.c **** //  avrSHT
   4:/Users/atakane/Documents/Electronics/avrSHT/avrSHT/sht/sht.c **** //
   5:/Users/atakane/Documents/Electronics/avrSHT/avrSHT/sht/sht.c **** //  Created by aercys on 10/08/16.
   6:/Users/atakane/Documents/Electronics/avrSHT/avrSHT/sht/sht.c **** //  Copyright © 2016 aercys. All rights reserved.
   7:/Users/atakane/Documents/Electronics/avrSHT/avrSHT/sht/sht.c **** //
   8:/Users/atakane/Documents/Electronics/avrSHT/avrSHT/sht/sht.c **** 
   9:/Users/atakane/Documents/Electronics/avrSHT/avrSHT/sht/sht.c **** #include <stdio.h>
  10:/Users/atakane/Documents/Electronics/avrSHT/avrSHT/sht/sht.c **** 
  11:/Users/atakane/Documents/Electronics/avrSHT/avrSHT/sht/sht.c **** void initialize_transmisson() {
  12:/Users/atakane/Documents/Electronics/avrSHT/avrSHT/sht/sht.c ****     /*
  13:/Users/atakane/Documents/Electronics/avrSHT/avrSHT/sht/sht.c ****      * SHT11
  14:/Users/atakane/Documents/Electronics/avrSHT/avrSHT/sht/sht.c ****      * Start Sequence
  15:/Users/atakane/Documents/Electronics/avrSHT/avrSHT/sht/sht.c ****      *        __    __
  16:/Users/atakane/Documents/Electronics/avrSHT/avrSHT/sht/sht.c ****      * SCK  _|  |__|  |__
  17:/Users/atakane/Documents/Electronics/avrSHT/avrSHT/sht/sht.c ****      *      __       ____
  18:/Users/atakane/Documents/Electronics/avrSHT/avrSHT/sht/sht.c ****      * DATA   |_____|
  19:/Users/atakane/Documents/Electronics/avrSHT/avrSHT/sht/sht.c ****      *
  20:/Users/atakane/Documents/Electronics/avrSHT/avrSHT/sht/sht.c ****      */
  21:/Users/atakane/Documents/Electronics/avrSHT/avrSHT/sht/sht.c ****     data_out;
  22:/Users/atakane/Documents/Electronics/avrSHT/avrSHT/sht/sht.c ****     data_high;
  23:/Users/atakane/Documents/Electronics/avrSHT/avrSHT/sht/sht.c ****     _delay_us(2);
  24:/Users/atakane/Documents/Electronics/avrSHT/avrSHT/sht/sht.c ****     sck_high;
  25:/Users/atakane/Documents/Electronics/avrSHT/avrSHT/sht/sht.c ****     _delay_us(2);
  26:/Users/atakane/Documents/Electronics/avrSHT/avrSHT/sht/sht.c ****     data_low;
  27:/Users/atakane/Documents/Electronics/avrSHT/avrSHT/sht/sht.c ****     _delay_us(2);
  28:/Users/atakane/Documents/Electronics/avrSHT/avrSHT/sht/sht.c ****     sck_low;
  29:/Users/atakane/Documents/Electronics/avrSHT/avrSHT/sht/sht.c ****     _delay_us(8);
  30:/Users/atakane/Documents/Electronics/avrSHT/avrSHT/sht/sht.c ****     sck_high;
  31:/Users/atakane/Documents/Electronics/avrSHT/avrSHT/sht/sht.c ****     _delay_us(2);
  32:/Users/atakane/Documents/Electronics/avrSHT/avrSHT/sht/sht.c ****     data_high;
  33:/Users/atakane/Documents/Electronics/avrSHT/avrSHT/sht/sht.c ****     _delay_us(2);
  34:/Users/atakane/Documents/Electronics/avrSHT/avrSHT/sht/sht.c ****     sck_low;
  35:/Users/atakane/Documents/Electronics/avrSHT/avrSHT/sht/sht.c **** }
  36:/Users/atakane/Documents/Electronics/avrSHT/avrSHT/sht/sht.c **** 
  37:/Users/atakane/Documents/Electronics/avrSHT/avrSHT/sht/sht.c **** void send_command(uint8_t command) {
  38:/Users/atakane/Documents/Electronics/avrSHT/avrSHT/sht/sht.c ****     _delay_us(4);
  39:/Users/atakane/Documents/Electronics/avrSHT/avrSHT/sht/sht.c ****     data_out;                               // Enable data as output port
  40:/Users/atakane/Documents/Electronics/avrSHT/avrSHT/sht/sht.c ****     
  41:/Users/atakane/Documents/Electronics/avrSHT/avrSHT/sht/sht.c ****     for (int i = 0; i < 8; i++) {
  42:/Users/atakane/Documents/Electronics/avrSHT/avrSHT/sht/sht.c ****         if (0x01 & (command >> (7-i))) {
  43:/Users/atakane/Documents/Electronics/avrSHT/avrSHT/sht/sht.c ****             data_high;
  44:/Users/atakane/Documents/Electronics/avrSHT/avrSHT/sht/sht.c ****         } else {
  45:/Users/atakane/Documents/Electronics/avrSHT/avrSHT/sht/sht.c ****             data_low;
  46:/Users/atakane/Documents/Electronics/avrSHT/avrSHT/sht/sht.c ****         }
  47:/Users/atakane/Documents/Electronics/avrSHT/avrSHT/sht/sht.c ****         
  48:/Users/atakane/Documents/Electronics/avrSHT/avrSHT/sht/sht.c ****         _delay_us(4);
  49:/Users/atakane/Documents/Electronics/avrSHT/avrSHT/sht/sht.c ****         sck_high;
  50:/Users/atakane/Documents/Electronics/avrSHT/avrSHT/sht/sht.c ****         _delay_us(4);
  51:/Users/atakane/Documents/Electronics/avrSHT/avrSHT/sht/sht.c ****         sck_low;
  52:/Users/atakane/Documents/Electronics/avrSHT/avrSHT/sht/sht.c ****         
  53:/Users/atakane/Documents/Electronics/avrSHT/avrSHT/sht/sht.c ****         if (i == 7) {
  54:/Users/atakane/Documents/Electronics/avrSHT/avrSHT/sht/sht.c ****             data_in;
  55:/Users/atakane/Documents/Electronics/avrSHT/avrSHT/sht/sht.c ****             data_high;
  56:/Users/atakane/Documents/Electronics/avrSHT/avrSHT/sht/sht.c ****             while ((PINB & (1 << DATA)));   // Wait for data line low
  57:/Users/atakane/Documents/Electronics/avrSHT/avrSHT/sht/sht.c ****         }
  58:/Users/atakane/Documents/Electronics/avrSHT/avrSHT/sht/sht.c ****     }
  59:/Users/atakane/Documents/Electronics/avrSHT/avrSHT/sht/sht.c ****     
  60:/Users/atakane/Documents/Electronics/avrSHT/avrSHT/sht/sht.c ****     _delay_us(4);
  61:/Users/atakane/Documents/Electronics/avrSHT/avrSHT/sht/sht.c ****     sck_high;
  62:/Users/atakane/Documents/Electronics/avrSHT/avrSHT/sht/sht.c ****     _delay_us(4);
  63:/Users/atakane/Documents/Electronics/avrSHT/avrSHT/sht/sht.c ****     sck_low;
  64:/Users/atakane/Documents/Electronics/avrSHT/avrSHT/sht/sht.c **** }
  65:/Users/atakane/Documents/Electronics/avrSHT/avrSHT/sht/sht.c **** 
  66:/Users/atakane/Documents/Electronics/avrSHT/avrSHT/sht/sht.c **** void reset() {
  67:/Users/atakane/Documents/Electronics/avrSHT/avrSHT/sht/sht.c ****     data_out;
  68:/Users/atakane/Documents/Electronics/avrSHT/avrSHT/sht/sht.c ****     data_high;
  69:/Users/atakane/Documents/Electronics/avrSHT/avrSHT/sht/sht.c ****     
  70:/Users/atakane/Documents/Electronics/avrSHT/avrSHT/sht/sht.c ****     for (int i = 0; i < 9; i++) {
  71:/Users/atakane/Documents/Electronics/avrSHT/avrSHT/sht/sht.c ****         _delay_us(4);
  72:/Users/atakane/Documents/Electronics/avrSHT/avrSHT/sht/sht.c ****         sck_high;
  73:/Users/atakane/Documents/Electronics/avrSHT/avrSHT/sht/sht.c ****         _delay_us(4);
  74:/Users/atakane/Documents/Electronics/avrSHT/avrSHT/sht/sht.c ****         sck_low;
  75:/Users/atakane/Documents/Electronics/avrSHT/avrSHT/sht/sht.c ****     }
  76:/Users/atakane/Documents/Electronics/avrSHT/avrSHT/sht/sht.c ****     initialize_transmisson();
  77:/Users/atakane/Documents/Electronics/avrSHT/avrSHT/sht/sht.c **** }
  78:/Users/atakane/Documents/Electronics/avrSHT/avrSHT/sht/sht.c **** 
  79:/Users/atakane/Documents/Electronics/avrSHT/avrSHT/sht/sht.c **** 
  80:/Users/atakane/Documents/Electronics/avrSHT/avrSHT/sht/sht.c **** 
  81:/Users/atakane/Documents/Electronics/avrSHT/avrSHT/sht/sht.c **** uint16_t read_data() {
  82:/Users/atakane/Documents/Electronics/avrSHT/avrSHT/sht/sht.c ****     uint8_t data_l, data_h;
  83:/Users/atakane/Documents/Electronics/avrSHT/avrSHT/sht/sht.c ****     uint16_t measured;
  84:/Users/atakane/Documents/Electronics/avrSHT/avrSHT/sht/sht.c ****     data_l = 0x00;
  85:/Users/atakane/Documents/Electronics/avrSHT/avrSHT/sht/sht.c ****     data_h = 0x00;
  86:/Users/atakane/Documents/Electronics/avrSHT/avrSHT/sht/sht.c ****     data_in;
  87:/Users/atakane/Documents/Electronics/avrSHT/avrSHT/sht/sht.c ****     data_high;
  88:/Users/atakane/Documents/Electronics/avrSHT/avrSHT/sht/sht.c ****     
  89:/Users/atakane/Documents/Electronics/avrSHT/avrSHT/sht/sht.c ****     while (PINB & (1<<DATA));
  90:/Users/atakane/Documents/Electronics/avrSHT/avrSHT/sht/sht.c ****     //Start receiving MSB
  91:/Users/atakane/Documents/Electronics/avrSHT/avrSHT/sht/sht.c ****     receive_bytes(&data_h);
  92:/Users/atakane/Documents/Electronics/avrSHT/avrSHT/sht/sht.c ****     ack(); // ack() to start getting LSB
  93:/Users/atakane/Documents/Electronics/avrSHT/avrSHT/sht/sht.c ****     //Start receiving LSB
  94:/Users/atakane/Documents/Electronics/avrSHT/avrSHT/sht/sht.c ****     receive_bytes(&data_l);
  95:/Users/atakane/Documents/Electronics/avrSHT/avrSHT/sht/sht.c ****     
  96:/Users/atakane/Documents/Electronics/avrSHT/avrSHT/sht/sht.c ****     measured = (data_h << 8) | data_l;
  97:/Users/atakane/Documents/Electronics/avrSHT/avrSHT/sht/sht.c ****     return measured;
  98:/Users/atakane/Documents/Electronics/avrSHT/avrSHT/sht/sht.c **** }
  99:/Users/atakane/Documents/Electronics/avrSHT/avrSHT/sht/sht.c **** 
 100:/Users/atakane/Documents/Electronics/avrSHT/avrSHT/sht/sht.c **** float calculate_measured_data(uint16_t measured_data, uint8_t value) {
 101:/Users/atakane/Documents/Electronics/avrSHT/avrSHT/sht/sht.c ****     float _humidity, _temperature;
 102:/Users/atakane/Documents/Electronics/avrSHT/avrSHT/sht/sht.c ****     
 103:/Users/atakane/Documents/Electronics/avrSHT/avrSHT/sht/sht.c ****     switch (value) {
 104:/Users/atakane/Documents/Electronics/avrSHT/avrSHT/sht/sht.c ****         case humidity:
 105:/Users/atakane/Documents/Electronics/avrSHT/avrSHT/sht/sht.c ****             _humidity = measured_data * 0.0405 - 2.8 * pow(10, -6) * pow(measured_data, 2) - 4;
 106:/Users/atakane/Documents/Electronics/avrSHT/avrSHT/sht/sht.c ****             return _humidity;
 107:/Users/atakane/Documents/Electronics/avrSHT/avrSHT/sht/sht.c ****             break;
 108:/Users/atakane/Documents/Electronics/avrSHT/avrSHT/sht/sht.c ****         case temperature:
 109:/Users/atakane/Documents/Electronics/avrSHT/avrSHT/sht/sht.c ****             _temperature = -40.00 + 0.01 * measured_data;
 110:/Users/atakane/Documents/Electronics/avrSHT/avrSHT/sht/sht.c ****             return _temperature;
 111:/Users/atakane/Documents/Electronics/avrSHT/avrSHT/sht/sht.c ****             break;
 112:/Users/atakane/Documents/Electronics/avrSHT/avrSHT/sht/sht.c ****     }
 113:/Users/atakane/Documents/Electronics/avrSHT/avrSHT/sht/sht.c ****     
 114:/Users/atakane/Documents/Electronics/avrSHT/avrSHT/sht/sht.c ****     return 1;
 115:/Users/atakane/Documents/Electronics/avrSHT/avrSHT/sht/sht.c **** }
 116:/Users/atakane/Documents/Electronics/avrSHT/avrSHT/sht/sht.c **** 
 117:/Users/atakane/Documents/Electronics/avrSHT/avrSHT/sht/sht.c **** sht_data sht_sense() {
 118:/Users/atakane/Documents/Electronics/avrSHT/avrSHT/sht/sht.c ****     uint8_t _temperature, _humidity;
 119:/Users/atakane/Documents/Electronics/avrSHT/avrSHT/sht/sht.c ****     uint16_t __humidity;
 120:/Users/atakane/Documents/Electronics/avrSHT/avrSHT/sht/sht.c ****     sht_data data;
 121:/Users/atakane/Documents/Electronics/avrSHT/avrSHT/sht/sht.c ****     initialize_transmisson();   // Initilize the sensor to send command
 122:/Users/atakane/Documents/Electronics/avrSHT/avrSHT/sht/sht.c ****     send_command(temperature);
 123:/Users/atakane/Documents/Electronics/avrSHT/avrSHT/sht/sht.c ****     _delay_us(80);              // Wait for measurement to complete
 124:/Users/atakane/Documents/Electronics/avrSHT/avrSHT/sht/sht.c ****     _temperature = calculate_measured_data(read_data(), temperature);
 125:/Users/atakane/Documents/Electronics/avrSHT/avrSHT/sht/sht.c ****     reset();
 126:/Users/atakane/Documents/Electronics/avrSHT/avrSHT/sht/sht.c ****     send_command(humidity);
 127:/Users/atakane/Documents/Electronics/avrSHT/avrSHT/sht/sht.c ****     _delay_us(80);
 128:/Users/atakane/Documents/Electronics/avrSHT/avrSHT/sht/sht.c ****     __humidity = read_data();
 129:/Users/atakane/Documents/Electronics/avrSHT/avrSHT/sht/sht.c ****     _humidity = calculate_measured_data(__humidity, humidity);
 130:/Users/atakane/Documents/Electronics/avrSHT/avrSHT/sht/sht.c ****     _humidity = (_temperature - 25) * (0.01 + 0.00008 * __humidity) + _humidity;
 131:/Users/atakane/Documents/Electronics/avrSHT/avrSHT/sht/sht.c ****     reset();
 132:/Users/atakane/Documents/Electronics/avrSHT/avrSHT/sht/sht.c ****     data._temperature = _temperature;
 133:/Users/atakane/Documents/Electronics/avrSHT/avrSHT/sht/sht.c ****     data._humidity = _humidity;
 134:/Users/atakane/Documents/Electronics/avrSHT/avrSHT/sht/sht.c ****     _delay_ms(100);
 135:/Users/atakane/Documents/Electronics/avrSHT/avrSHT/sht/sht.c ****     return data;
 136:/Users/atakane/Documents/Electronics/avrSHT/avrSHT/sht/sht.c **** }
 137:/Users/atakane/Documents/Electronics/avrSHT/avrSHT/sht/sht.c **** 
 138:/Users/atakane/Documents/Electronics/avrSHT/avrSHT/sht/sht.c **** 
 139:/Users/atakane/Documents/Electronics/avrSHT/avrSHT/sht/sht.c **** void serial_init() {
 140:/Users/atakane/Documents/Electronics/avrSHT/avrSHT/sht/sht.c ****     /*
 141:/Users/atakane/Documents/Electronics/avrSHT/avrSHT/sht/sht.c ****      *
 142:/Users/atakane/Documents/Electronics/avrSHT/avrSHT/sht/sht.c ****      * Initialize UART,
 143:/Users/atakane/Documents/Electronics/avrSHT/avrSHT/sht/sht.c ****      * 8 bit frame, 1 Stop Bit
 144:/Users/atakane/Documents/Electronics/avrSHT/avrSHT/sht/sht.c ****      * No Parity
 145:/Users/atakane/Documents/Electronics/avrSHT/avrSHT/sht/sht.c ****      *
 146:/Users/atakane/Documents/Electronics/avrSHT/avrSHT/sht/sht.c ****      */
 147:/Users/atakane/Documents/Electronics/avrSHT/avrSHT/sht/sht.c ****     UCSR0B = (1 << TXEN0);
 148:/Users/atakane/Documents/Electronics/avrSHT/avrSHT/sht/sht.c ****     UBRR0L = 51;
 149:/Users/atakane/Documents/Electronics/avrSHT/avrSHT/sht/sht.c ****     UCSR0C = (1 << UCSZ01) | (1 << UCSZ00);
 150:/Users/atakane/Documents/Electronics/avrSHT/avrSHT/sht/sht.c **** }
 151:/Users/atakane/Documents/Electronics/avrSHT/avrSHT/sht/sht.c **** 
 152:/Users/atakane/Documents/Electronics/avrSHT/avrSHT/sht/sht.c **** void send_uart_char(unsigned char serial_data, FILE *stream) {
 121               	.LM0:
 122               	.LFBB1:
 123 0000 CF93      		push r28
 124               	/* prologue: function */
 125               	/* frame size = 0 */
 126               	/* stack size = 1 */
 127               	.L__stack_usage = 1
 128 0002 C82F      		mov r28,r24
 153:/Users/atakane/Documents/Electronics/avrSHT/avrSHT/sht/sht.c ****     if (serial_data == '\n') { // Send each byte until reached \n character
 130               	.LM1:
 131 0004 8A30      		cpi r24,lo8(10)
 132 0006 01F4      		brne .L4
 154:/Users/atakane/Documents/Electronics/avrSHT/avrSHT/sht/sht.c ****         send_uart_char('\r', stream);
 134               	.LM2:
 135 0008 8DE0      		ldi r24,lo8(13)
 136 000a 0E94 0000 		call send_uart_char
 137               	.L4:
 155:/Users/atakane/Documents/Electronics/avrSHT/avrSHT/sht/sht.c ****     }
 156:/Users/atakane/Documents/Electronics/avrSHT/avrSHT/sht/sht.c ****     
 157:/Users/atakane/Documents/Electronics/avrSHT/avrSHT/sht/sht.c ****     while (!(UCSR0A & (1 << UDRE0)));
 139               	.LM3:
 140 000e 8091 C000 		lds r24,192
 141 0012 85FF      		sbrs r24,5
 142 0014 00C0      		rjmp .L4
 158:/Users/atakane/Documents/Electronics/avrSHT/avrSHT/sht/sht.c ****     UDR0 = serial_data;
 144               	.LM4:
 145 0016 C093 C600 		sts 198,r28
 146               	/* epilogue start */
 159:/Users/atakane/Documents/Electronics/avrSHT/avrSHT/sht/sht.c **** }
 148               	.LM5:
 149 001a CF91      		pop r28
 150 001c 0895      		ret
 152               	.Lscope1:
 154               	.global	initialize_transmisson
 156               	initialize_transmisson:
  11:/Users/atakane/Documents/Electronics/avrSHT/avrSHT/sht/sht.c **** void initialize_transmisson() {
 158               	.LM6:
 159               	.LFBB2:
 160               	/* prologue: function */
 161               	/* frame size = 0 */
 162               	/* stack size = 0 */
 163               	.L__stack_usage = 0
  21:/Users/atakane/Documents/Electronics/avrSHT/avrSHT/sht/sht.c ****     data_out;
 165               	.LM7:
 166 001e 83E0      		ldi r24,lo8(3)
 167 0020 84B9      		out 0x4,r24
  22:/Users/atakane/Documents/Electronics/avrSHT/avrSHT/sht/sht.c ****     data_high;
 169               	.LM8:
 170 0022 289A      		sbi 0x5,0
 171               	.LBB50:
 172               	.LBB51:
 174               	.Ltext2:
   1:/usr/local/CrossPack-AVR-20131216/avr/include/util/delay.h **** /* Copyright (c) 2002, Marek Michalkiewicz
   2:/usr/local/CrossPack-AVR-20131216/avr/include/util/delay.h ****    Copyright (c) 2004,2005,2007 Joerg Wunsch
   3:/usr/local/CrossPack-AVR-20131216/avr/include/util/delay.h ****    Copyright (c) 2007  Florin-Viorel Petrov
   4:/usr/local/CrossPack-AVR-20131216/avr/include/util/delay.h ****    All rights reserved.
   5:/usr/local/CrossPack-AVR-20131216/avr/include/util/delay.h **** 
   6:/usr/local/CrossPack-AVR-20131216/avr/include/util/delay.h ****    Redistribution and use in source and binary forms, with or without
   7:/usr/local/CrossPack-AVR-20131216/avr/include/util/delay.h ****    modification, are permitted provided that the following conditions are met:
   8:/usr/local/CrossPack-AVR-20131216/avr/include/util/delay.h **** 
   9:/usr/local/CrossPack-AVR-20131216/avr/include/util/delay.h ****    * Redistributions of source code must retain the above copyright
  10:/usr/local/CrossPack-AVR-20131216/avr/include/util/delay.h ****      notice, this list of conditions and the following disclaimer.
  11:/usr/local/CrossPack-AVR-20131216/avr/include/util/delay.h **** 
  12:/usr/local/CrossPack-AVR-20131216/avr/include/util/delay.h ****    * Redistributions in binary form must reproduce the above copyright
  13:/usr/local/CrossPack-AVR-20131216/avr/include/util/delay.h ****      notice, this list of conditions and the following disclaimer in
  14:/usr/local/CrossPack-AVR-20131216/avr/include/util/delay.h ****      the documentation and/or other materials provided with the
  15:/usr/local/CrossPack-AVR-20131216/avr/include/util/delay.h ****      distribution.
  16:/usr/local/CrossPack-AVR-20131216/avr/include/util/delay.h **** 
  17:/usr/local/CrossPack-AVR-20131216/avr/include/util/delay.h ****    * Neither the name of the copyright holders nor the names of
  18:/usr/local/CrossPack-AVR-20131216/avr/include/util/delay.h ****      contributors may be used to endorse or promote products derived
  19:/usr/local/CrossPack-AVR-20131216/avr/include/util/delay.h ****      from this software without specific prior written permission.
  20:/usr/local/CrossPack-AVR-20131216/avr/include/util/delay.h **** 
  21:/usr/local/CrossPack-AVR-20131216/avr/include/util/delay.h ****   THIS SOFTWARE IS PROVIDED BY THE COPYRIGHT HOLDERS AND CONTRIBUTORS "AS IS"
  22:/usr/local/CrossPack-AVR-20131216/avr/include/util/delay.h ****   AND ANY EXPRESS OR IMPLIED WARRANTIES, INCLUDING, BUT NOT LIMITED TO, THE
  23:/usr/local/CrossPack-AVR-20131216/avr/include/util/delay.h ****   IMPLIED WARRANTIES OF MERCHANTABILITY AND FITNESS FOR A PARTICULAR PURPOSE
  24:/usr/local/CrossPack-AVR-20131216/avr/include/util/delay.h ****   ARE DISCLAIMED. IN NO EVENT SHALL THE COPYRIGHT OWNER OR CONTRIBUTORS BE
  25:/usr/local/CrossPack-AVR-20131216/avr/include/util/delay.h ****   LIABLE FOR ANY DIRECT, INDIRECT, INCIDENTAL, SPECIAL, EXEMPLARY, OR
  26:/usr/local/CrossPack-AVR-20131216/avr/include/util/delay.h ****   CONSEQUENTIAL DAMAGES (INCLUDING, BUT NOT LIMITED TO, PROCUREMENT OF
  27:/usr/local/CrossPack-AVR-20131216/avr/include/util/delay.h ****   SUBSTITUTE GOODS OR SERVICES; LOSS OF USE, DATA, OR PROFITS; OR BUSINESS
  28:/usr/local/CrossPack-AVR-20131216/avr/include/util/delay.h ****   INTERRUPTION) HOWEVER CAUSED AND ON ANY THEORY OF LIABILITY, WHETHER IN
  29:/usr/local/CrossPack-AVR-20131216/avr/include/util/delay.h ****   CONTRACT, STRICT LIABILITY, OR TORT (INCLUDING NEGLIGENCE OR OTHERWISE)
  30:/usr/local/CrossPack-AVR-20131216/avr/include/util/delay.h ****   ARISING IN ANY WAY OUT OF THE USE OF THIS SOFTWARE, EVEN IF ADVISED OF THE
  31:/usr/local/CrossPack-AVR-20131216/avr/include/util/delay.h ****   POSSIBILITY OF SUCH DAMAGE. */
  32:/usr/local/CrossPack-AVR-20131216/avr/include/util/delay.h **** 
  33:/usr/local/CrossPack-AVR-20131216/avr/include/util/delay.h **** /* $Id$ */
  34:/usr/local/CrossPack-AVR-20131216/avr/include/util/delay.h **** 
  35:/usr/local/CrossPack-AVR-20131216/avr/include/util/delay.h **** #ifndef _UTIL_DELAY_H_
  36:/usr/local/CrossPack-AVR-20131216/avr/include/util/delay.h **** #define _UTIL_DELAY_H_ 1
  37:/usr/local/CrossPack-AVR-20131216/avr/include/util/delay.h **** 
  38:/usr/local/CrossPack-AVR-20131216/avr/include/util/delay.h **** #ifndef __HAS_DELAY_CYCLES
  39:/usr/local/CrossPack-AVR-20131216/avr/include/util/delay.h **** #define __HAS_DELAY_CYCLES 1
  40:/usr/local/CrossPack-AVR-20131216/avr/include/util/delay.h **** #endif
  41:/usr/local/CrossPack-AVR-20131216/avr/include/util/delay.h **** 
  42:/usr/local/CrossPack-AVR-20131216/avr/include/util/delay.h **** #include <inttypes.h>
  43:/usr/local/CrossPack-AVR-20131216/avr/include/util/delay.h **** #include <util/delay_basic.h>
  44:/usr/local/CrossPack-AVR-20131216/avr/include/util/delay.h **** #include <math.h>
  45:/usr/local/CrossPack-AVR-20131216/avr/include/util/delay.h **** 
  46:/usr/local/CrossPack-AVR-20131216/avr/include/util/delay.h **** /** \file */
  47:/usr/local/CrossPack-AVR-20131216/avr/include/util/delay.h **** /** \defgroup util_delay <util/delay.h>: Convenience functions for busy-wait delay loops
  48:/usr/local/CrossPack-AVR-20131216/avr/include/util/delay.h ****     \code
  49:/usr/local/CrossPack-AVR-20131216/avr/include/util/delay.h ****     #define F_CPU 1000000UL  // 1 MHz
  50:/usr/local/CrossPack-AVR-20131216/avr/include/util/delay.h ****     //#define F_CPU 14.7456E6
  51:/usr/local/CrossPack-AVR-20131216/avr/include/util/delay.h ****     #include <util/delay.h>
  52:/usr/local/CrossPack-AVR-20131216/avr/include/util/delay.h ****     \endcode
  53:/usr/local/CrossPack-AVR-20131216/avr/include/util/delay.h **** 
  54:/usr/local/CrossPack-AVR-20131216/avr/include/util/delay.h ****     \note As an alternative method, it is possible to pass the
  55:/usr/local/CrossPack-AVR-20131216/avr/include/util/delay.h ****     F_CPU macro down to the compiler from the Makefile.
  56:/usr/local/CrossPack-AVR-20131216/avr/include/util/delay.h ****     Obviously, in that case, no \c \#define statement should be
  57:/usr/local/CrossPack-AVR-20131216/avr/include/util/delay.h ****     used.
  58:/usr/local/CrossPack-AVR-20131216/avr/include/util/delay.h **** 
  59:/usr/local/CrossPack-AVR-20131216/avr/include/util/delay.h ****     The functions in this header file are wrappers around the basic
  60:/usr/local/CrossPack-AVR-20131216/avr/include/util/delay.h ****     busy-wait functions from <util/delay_basic.h>.  They are meant as
  61:/usr/local/CrossPack-AVR-20131216/avr/include/util/delay.h ****     convenience functions where actual time values can be specified
  62:/usr/local/CrossPack-AVR-20131216/avr/include/util/delay.h ****     rather than a number of cycles to wait for.  The idea behind is
  63:/usr/local/CrossPack-AVR-20131216/avr/include/util/delay.h ****     that compile-time constant expressions will be eliminated by
  64:/usr/local/CrossPack-AVR-20131216/avr/include/util/delay.h ****     compiler optimization so floating-point expressions can be used
  65:/usr/local/CrossPack-AVR-20131216/avr/include/util/delay.h ****     to calculate the number of delay cycles needed based on the CPU
  66:/usr/local/CrossPack-AVR-20131216/avr/include/util/delay.h ****     frequency passed by the macro F_CPU.
  67:/usr/local/CrossPack-AVR-20131216/avr/include/util/delay.h **** 
  68:/usr/local/CrossPack-AVR-20131216/avr/include/util/delay.h ****     \note In order for these functions to work as intended, compiler
  69:/usr/local/CrossPack-AVR-20131216/avr/include/util/delay.h ****     optimizations <em>must</em> be enabled, and the delay time
  70:/usr/local/CrossPack-AVR-20131216/avr/include/util/delay.h ****     <em>must</em> be an expression that is a known constant at
  71:/usr/local/CrossPack-AVR-20131216/avr/include/util/delay.h ****     compile-time.  If these requirements are not met, the resulting
  72:/usr/local/CrossPack-AVR-20131216/avr/include/util/delay.h ****     delay will be much longer (and basically unpredictable), and
  73:/usr/local/CrossPack-AVR-20131216/avr/include/util/delay.h ****     applications that otherwise do not use floating-point calculations
  74:/usr/local/CrossPack-AVR-20131216/avr/include/util/delay.h ****     will experience severe code bloat by the floating-point library
  75:/usr/local/CrossPack-AVR-20131216/avr/include/util/delay.h ****     routines linked into the application.
  76:/usr/local/CrossPack-AVR-20131216/avr/include/util/delay.h **** 
  77:/usr/local/CrossPack-AVR-20131216/avr/include/util/delay.h ****     The functions available allow the specification of microsecond, and
  78:/usr/local/CrossPack-AVR-20131216/avr/include/util/delay.h ****     millisecond delays directly, using the application-supplied macro
  79:/usr/local/CrossPack-AVR-20131216/avr/include/util/delay.h ****     F_CPU as the CPU clock frequency (in Hertz).
  80:/usr/local/CrossPack-AVR-20131216/avr/include/util/delay.h **** 
  81:/usr/local/CrossPack-AVR-20131216/avr/include/util/delay.h **** */
  82:/usr/local/CrossPack-AVR-20131216/avr/include/util/delay.h **** 
  83:/usr/local/CrossPack-AVR-20131216/avr/include/util/delay.h **** #if !defined(__DOXYGEN__)
  84:/usr/local/CrossPack-AVR-20131216/avr/include/util/delay.h **** static inline void _delay_us(double __us) __attribute__((always_inline));
  85:/usr/local/CrossPack-AVR-20131216/avr/include/util/delay.h **** static inline void _delay_ms(double __ms) __attribute__((always_inline));
  86:/usr/local/CrossPack-AVR-20131216/avr/include/util/delay.h **** #endif
  87:/usr/local/CrossPack-AVR-20131216/avr/include/util/delay.h **** 
  88:/usr/local/CrossPack-AVR-20131216/avr/include/util/delay.h **** #ifndef F_CPU
  89:/usr/local/CrossPack-AVR-20131216/avr/include/util/delay.h **** /* prevent compiler error by supplying a default */
  90:/usr/local/CrossPack-AVR-20131216/avr/include/util/delay.h **** # warning "F_CPU not defined for <util/delay.h>"
  91:/usr/local/CrossPack-AVR-20131216/avr/include/util/delay.h **** # define F_CPU 1000000UL
  92:/usr/local/CrossPack-AVR-20131216/avr/include/util/delay.h **** #endif
  93:/usr/local/CrossPack-AVR-20131216/avr/include/util/delay.h **** 
  94:/usr/local/CrossPack-AVR-20131216/avr/include/util/delay.h **** #ifndef __OPTIMIZE__
  95:/usr/local/CrossPack-AVR-20131216/avr/include/util/delay.h **** # warning "Compiler optimizations disabled; functions from <util/delay.h> won't work as designed"
  96:/usr/local/CrossPack-AVR-20131216/avr/include/util/delay.h **** #endif
  97:/usr/local/CrossPack-AVR-20131216/avr/include/util/delay.h **** 
  98:/usr/local/CrossPack-AVR-20131216/avr/include/util/delay.h **** #if __HAS_DELAY_CYCLES && defined(__OPTIMIZE__) && \
  99:/usr/local/CrossPack-AVR-20131216/avr/include/util/delay.h ****   !defined(__DELAY_BACKWARD_COMPATIBLE__) &&	   \
 100:/usr/local/CrossPack-AVR-20131216/avr/include/util/delay.h ****   __STDC_HOSTED__
 101:/usr/local/CrossPack-AVR-20131216/avr/include/util/delay.h **** #  include <math.h>
 102:/usr/local/CrossPack-AVR-20131216/avr/include/util/delay.h **** #endif
 103:/usr/local/CrossPack-AVR-20131216/avr/include/util/delay.h **** 
 104:/usr/local/CrossPack-AVR-20131216/avr/include/util/delay.h **** /**
 105:/usr/local/CrossPack-AVR-20131216/avr/include/util/delay.h ****    \ingroup util_delay
 106:/usr/local/CrossPack-AVR-20131216/avr/include/util/delay.h **** 
 107:/usr/local/CrossPack-AVR-20131216/avr/include/util/delay.h ****    Perform a delay of \c __ms milliseconds, using _delay_loop_2().
 108:/usr/local/CrossPack-AVR-20131216/avr/include/util/delay.h **** 
 109:/usr/local/CrossPack-AVR-20131216/avr/include/util/delay.h ****    The macro F_CPU is supposed to be defined to a
 110:/usr/local/CrossPack-AVR-20131216/avr/include/util/delay.h ****    constant defining the CPU clock frequency (in Hertz).
 111:/usr/local/CrossPack-AVR-20131216/avr/include/util/delay.h **** 
 112:/usr/local/CrossPack-AVR-20131216/avr/include/util/delay.h ****    The maximal possible delay is 262.14 ms / F_CPU in MHz.
 113:/usr/local/CrossPack-AVR-20131216/avr/include/util/delay.h **** 
 114:/usr/local/CrossPack-AVR-20131216/avr/include/util/delay.h ****    When the user request delay which exceed the maximum possible one,
 115:/usr/local/CrossPack-AVR-20131216/avr/include/util/delay.h ****    _delay_ms() provides a decreased resolution functionality. In this
 116:/usr/local/CrossPack-AVR-20131216/avr/include/util/delay.h ****    mode _delay_ms() will work with a resolution of 1/10 ms, providing
 117:/usr/local/CrossPack-AVR-20131216/avr/include/util/delay.h ****    delays up to 6.5535 seconds (independent from CPU frequency).  The
 118:/usr/local/CrossPack-AVR-20131216/avr/include/util/delay.h ****    user will not be informed about decreased resolution.
 119:/usr/local/CrossPack-AVR-20131216/avr/include/util/delay.h **** 
 120:/usr/local/CrossPack-AVR-20131216/avr/include/util/delay.h ****    If the avr-gcc toolchain has __builtin_avr_delay_cycles(unsigned long)
 121:/usr/local/CrossPack-AVR-20131216/avr/include/util/delay.h ****    support, maximal possible delay is 4294967.295 ms/ F_CPU in MHz. For
 122:/usr/local/CrossPack-AVR-20131216/avr/include/util/delay.h ****    values greater than the maximal possible delay, overflows results in
 123:/usr/local/CrossPack-AVR-20131216/avr/include/util/delay.h ****    no delay i.e., 0ms.
 124:/usr/local/CrossPack-AVR-20131216/avr/include/util/delay.h **** 
 125:/usr/local/CrossPack-AVR-20131216/avr/include/util/delay.h ****    Conversion of __us into clock cycles may not always result in integer.
 126:/usr/local/CrossPack-AVR-20131216/avr/include/util/delay.h ****    By default, the clock cycles rounded up to next integer. This ensures that
 127:/usr/local/CrossPack-AVR-20131216/avr/include/util/delay.h ****    the user gets atleast __us microseconds of delay.
 128:/usr/local/CrossPack-AVR-20131216/avr/include/util/delay.h **** 
 129:/usr/local/CrossPack-AVR-20131216/avr/include/util/delay.h ****    Alternatively, user can define __DELAY_ROUND_DOWN__ and __DELAY_ROUND_CLOSEST__
 130:/usr/local/CrossPack-AVR-20131216/avr/include/util/delay.h ****    to round down and round to closest integer.
 131:/usr/local/CrossPack-AVR-20131216/avr/include/util/delay.h **** 
 132:/usr/local/CrossPack-AVR-20131216/avr/include/util/delay.h ****    Note: The new implementation of _delay_ms(double __ms) with 
 133:/usr/local/CrossPack-AVR-20131216/avr/include/util/delay.h ****     __builtin_avr_delay_cycles(unsigned long) support is not backward compatible. 
 134:/usr/local/CrossPack-AVR-20131216/avr/include/util/delay.h ****    User can define __DELAY_BACKWARD_COMPATIBLE__ to get a backward compatible delay.
 135:/usr/local/CrossPack-AVR-20131216/avr/include/util/delay.h ****    Also, the backward compatible
 136:/usr/local/CrossPack-AVR-20131216/avr/include/util/delay.h ****    algorithm will be chosen if the code is compiled in a <em>freestanding
 137:/usr/local/CrossPack-AVR-20131216/avr/include/util/delay.h ****    environment</em> (GCC option \c -ffreestanding), as the math functions
 138:/usr/local/CrossPack-AVR-20131216/avr/include/util/delay.h ****    required for rounding are not available to the compiler then.
 139:/usr/local/CrossPack-AVR-20131216/avr/include/util/delay.h **** 
 140:/usr/local/CrossPack-AVR-20131216/avr/include/util/delay.h ****  */
 141:/usr/local/CrossPack-AVR-20131216/avr/include/util/delay.h **** void
 142:/usr/local/CrossPack-AVR-20131216/avr/include/util/delay.h **** _delay_ms(double __ms)
 143:/usr/local/CrossPack-AVR-20131216/avr/include/util/delay.h **** {
 144:/usr/local/CrossPack-AVR-20131216/avr/include/util/delay.h **** 	double __tmp ; 
 145:/usr/local/CrossPack-AVR-20131216/avr/include/util/delay.h **** #if __HAS_DELAY_CYCLES && defined(__OPTIMIZE__) && \
 146:/usr/local/CrossPack-AVR-20131216/avr/include/util/delay.h ****   !defined(__DELAY_BACKWARD_COMPATIBLE__) &&	   \
 147:/usr/local/CrossPack-AVR-20131216/avr/include/util/delay.h ****   __STDC_HOSTED__
 148:/usr/local/CrossPack-AVR-20131216/avr/include/util/delay.h **** 	uint32_t __ticks_dc;
 149:/usr/local/CrossPack-AVR-20131216/avr/include/util/delay.h **** 	extern void __builtin_avr_delay_cycles(unsigned long);
 150:/usr/local/CrossPack-AVR-20131216/avr/include/util/delay.h **** 	__tmp = ((F_CPU) / 1e3) * __ms;
 151:/usr/local/CrossPack-AVR-20131216/avr/include/util/delay.h **** 
 152:/usr/local/CrossPack-AVR-20131216/avr/include/util/delay.h **** 	#if defined(__DELAY_ROUND_DOWN__)
 153:/usr/local/CrossPack-AVR-20131216/avr/include/util/delay.h **** 		__ticks_dc = (uint32_t)fabs(__tmp);
 154:/usr/local/CrossPack-AVR-20131216/avr/include/util/delay.h **** 
 155:/usr/local/CrossPack-AVR-20131216/avr/include/util/delay.h **** 	#elif defined(__DELAY_ROUND_CLOSEST__)
 156:/usr/local/CrossPack-AVR-20131216/avr/include/util/delay.h **** 		__ticks_dc = (uint32_t)(fabs(__tmp)+0.5);
 157:/usr/local/CrossPack-AVR-20131216/avr/include/util/delay.h **** 
 158:/usr/local/CrossPack-AVR-20131216/avr/include/util/delay.h **** 	#else
 159:/usr/local/CrossPack-AVR-20131216/avr/include/util/delay.h **** 		//round up by default
 160:/usr/local/CrossPack-AVR-20131216/avr/include/util/delay.h **** 		__ticks_dc = (uint32_t)(ceil(fabs(__tmp)));
 161:/usr/local/CrossPack-AVR-20131216/avr/include/util/delay.h **** 	#endif
 162:/usr/local/CrossPack-AVR-20131216/avr/include/util/delay.h **** 
 163:/usr/local/CrossPack-AVR-20131216/avr/include/util/delay.h **** 	__builtin_avr_delay_cycles(__ticks_dc);
 164:/usr/local/CrossPack-AVR-20131216/avr/include/util/delay.h **** 
 165:/usr/local/CrossPack-AVR-20131216/avr/include/util/delay.h **** #else
 166:/usr/local/CrossPack-AVR-20131216/avr/include/util/delay.h **** 	uint16_t __ticks;
 167:/usr/local/CrossPack-AVR-20131216/avr/include/util/delay.h **** 	__tmp = ((F_CPU) / 4e3) * __ms;
 168:/usr/local/CrossPack-AVR-20131216/avr/include/util/delay.h **** 	if (__tmp < 1.0)
 169:/usr/local/CrossPack-AVR-20131216/avr/include/util/delay.h **** 		__ticks = 1;
 170:/usr/local/CrossPack-AVR-20131216/avr/include/util/delay.h **** 	else if (__tmp > 65535)
 171:/usr/local/CrossPack-AVR-20131216/avr/include/util/delay.h **** 	{
 172:/usr/local/CrossPack-AVR-20131216/avr/include/util/delay.h **** 		//	__ticks = requested delay in 1/10 ms
 173:/usr/local/CrossPack-AVR-20131216/avr/include/util/delay.h **** 		__ticks = (uint16_t) (__ms * 10.0);
 174:/usr/local/CrossPack-AVR-20131216/avr/include/util/delay.h **** 		while(__ticks)
 175:/usr/local/CrossPack-AVR-20131216/avr/include/util/delay.h **** 		{
 176:/usr/local/CrossPack-AVR-20131216/avr/include/util/delay.h **** 			// wait 1/10 ms
 177:/usr/local/CrossPack-AVR-20131216/avr/include/util/delay.h **** 			_delay_loop_2(((F_CPU) / 4e3) / 10);
 178:/usr/local/CrossPack-AVR-20131216/avr/include/util/delay.h **** 			__ticks --;
 179:/usr/local/CrossPack-AVR-20131216/avr/include/util/delay.h **** 		}
 180:/usr/local/CrossPack-AVR-20131216/avr/include/util/delay.h **** 		return;
 181:/usr/local/CrossPack-AVR-20131216/avr/include/util/delay.h **** 	}
 182:/usr/local/CrossPack-AVR-20131216/avr/include/util/delay.h **** 	else
 183:/usr/local/CrossPack-AVR-20131216/avr/include/util/delay.h **** 		__ticks = (uint16_t)__tmp;
 184:/usr/local/CrossPack-AVR-20131216/avr/include/util/delay.h **** 	_delay_loop_2(__ticks);
 185:/usr/local/CrossPack-AVR-20131216/avr/include/util/delay.h **** #endif
 186:/usr/local/CrossPack-AVR-20131216/avr/include/util/delay.h **** }
 187:/usr/local/CrossPack-AVR-20131216/avr/include/util/delay.h **** 
 188:/usr/local/CrossPack-AVR-20131216/avr/include/util/delay.h **** /**
 189:/usr/local/CrossPack-AVR-20131216/avr/include/util/delay.h ****    \ingroup util_delay
 190:/usr/local/CrossPack-AVR-20131216/avr/include/util/delay.h **** 
 191:/usr/local/CrossPack-AVR-20131216/avr/include/util/delay.h ****    Perform a delay of \c __us microseconds, using _delay_loop_1().
 192:/usr/local/CrossPack-AVR-20131216/avr/include/util/delay.h **** 
 193:/usr/local/CrossPack-AVR-20131216/avr/include/util/delay.h ****    The macro F_CPU is supposed to be defined to a
 194:/usr/local/CrossPack-AVR-20131216/avr/include/util/delay.h ****    constant defining the CPU clock frequency (in Hertz).
 195:/usr/local/CrossPack-AVR-20131216/avr/include/util/delay.h **** 
 196:/usr/local/CrossPack-AVR-20131216/avr/include/util/delay.h ****    The maximal possible delay is 768 us / F_CPU in MHz.
 197:/usr/local/CrossPack-AVR-20131216/avr/include/util/delay.h **** 
 198:/usr/local/CrossPack-AVR-20131216/avr/include/util/delay.h ****    If the user requests a delay greater than the maximal possible one,
 199:/usr/local/CrossPack-AVR-20131216/avr/include/util/delay.h ****    _delay_us() will automatically call _delay_ms() instead.  The user
 200:/usr/local/CrossPack-AVR-20131216/avr/include/util/delay.h ****    will not be informed about this case.
 201:/usr/local/CrossPack-AVR-20131216/avr/include/util/delay.h **** 
 202:/usr/local/CrossPack-AVR-20131216/avr/include/util/delay.h ****    If the avr-gcc toolchain has __builtin_avr_delay_cycles(unsigned long)
 203:/usr/local/CrossPack-AVR-20131216/avr/include/util/delay.h ****    support, maximal possible delay is 4294967.295 us/ F_CPU in MHz. For
 204:/usr/local/CrossPack-AVR-20131216/avr/include/util/delay.h ****    values greater than the maximal possible delay, overflow results in
 205:/usr/local/CrossPack-AVR-20131216/avr/include/util/delay.h ****    no delay i.e., 0us.
 206:/usr/local/CrossPack-AVR-20131216/avr/include/util/delay.h ****   
 207:/usr/local/CrossPack-AVR-20131216/avr/include/util/delay.h ****    Conversion of __us into clock cycles may not always result in integer.
 208:/usr/local/CrossPack-AVR-20131216/avr/include/util/delay.h ****    By default, the clock cycles rounded up to next integer. This ensures that
 209:/usr/local/CrossPack-AVR-20131216/avr/include/util/delay.h ****    the user gets atleast __us microseconds of delay.
 210:/usr/local/CrossPack-AVR-20131216/avr/include/util/delay.h **** 
 211:/usr/local/CrossPack-AVR-20131216/avr/include/util/delay.h ****    Alternatively, user can define __DELAY_ROUND_DOWN__ and __DELAY_ROUND_CLOSEST__
 212:/usr/local/CrossPack-AVR-20131216/avr/include/util/delay.h ****    to round down and round to closest integer.
 213:/usr/local/CrossPack-AVR-20131216/avr/include/util/delay.h ****  
 214:/usr/local/CrossPack-AVR-20131216/avr/include/util/delay.h ****    Note: The new implementation of _delay_us(double __us) with 
 215:/usr/local/CrossPack-AVR-20131216/avr/include/util/delay.h ****     __builtin_avr_delay_cycles(unsigned long) support is not backward compatible.
 216:/usr/local/CrossPack-AVR-20131216/avr/include/util/delay.h ****    User can define __DELAY_BACKWARD_COMPATIBLE__ to get a backward compatible delay.
 217:/usr/local/CrossPack-AVR-20131216/avr/include/util/delay.h ****    Also, the backward compatible
 218:/usr/local/CrossPack-AVR-20131216/avr/include/util/delay.h ****    algorithm will be chosen if the code is compiled in a <em>freestanding
 219:/usr/local/CrossPack-AVR-20131216/avr/include/util/delay.h ****    environment</em> (GCC option \c -ffreestanding), as the math functions
 220:/usr/local/CrossPack-AVR-20131216/avr/include/util/delay.h ****    required for rounding are not available to the compiler then.
 221:/usr/local/CrossPack-AVR-20131216/avr/include/util/delay.h **** 
 222:/usr/local/CrossPack-AVR-20131216/avr/include/util/delay.h ****  */
 223:/usr/local/CrossPack-AVR-20131216/avr/include/util/delay.h **** void
 224:/usr/local/CrossPack-AVR-20131216/avr/include/util/delay.h **** _delay_us(double __us)
 225:/usr/local/CrossPack-AVR-20131216/avr/include/util/delay.h **** {
 226:/usr/local/CrossPack-AVR-20131216/avr/include/util/delay.h **** 	double __tmp ; 
 227:/usr/local/CrossPack-AVR-20131216/avr/include/util/delay.h **** #if __HAS_DELAY_CYCLES && defined(__OPTIMIZE__) && \
 228:/usr/local/CrossPack-AVR-20131216/avr/include/util/delay.h ****   !defined(__DELAY_BACKWARD_COMPATIBLE__) &&	   \
 229:/usr/local/CrossPack-AVR-20131216/avr/include/util/delay.h ****   __STDC_HOSTED__
 230:/usr/local/CrossPack-AVR-20131216/avr/include/util/delay.h **** 	uint32_t __ticks_dc;
 231:/usr/local/CrossPack-AVR-20131216/avr/include/util/delay.h **** 	extern void __builtin_avr_delay_cycles(unsigned long);
 232:/usr/local/CrossPack-AVR-20131216/avr/include/util/delay.h **** 	__tmp = ((F_CPU) / 1e6) * __us;
 233:/usr/local/CrossPack-AVR-20131216/avr/include/util/delay.h **** 
 234:/usr/local/CrossPack-AVR-20131216/avr/include/util/delay.h **** 	#if defined(__DELAY_ROUND_DOWN__)
 235:/usr/local/CrossPack-AVR-20131216/avr/include/util/delay.h **** 		__ticks_dc = (uint32_t)fabs(__tmp);
 236:/usr/local/CrossPack-AVR-20131216/avr/include/util/delay.h **** 
 237:/usr/local/CrossPack-AVR-20131216/avr/include/util/delay.h **** 	#elif defined(__DELAY_ROUND_CLOSEST__)
 238:/usr/local/CrossPack-AVR-20131216/avr/include/util/delay.h **** 		__ticks_dc = (uint32_t)(fabs(__tmp)+0.5);
 239:/usr/local/CrossPack-AVR-20131216/avr/include/util/delay.h **** 
 240:/usr/local/CrossPack-AVR-20131216/avr/include/util/delay.h **** 	#else
 241:/usr/local/CrossPack-AVR-20131216/avr/include/util/delay.h **** 		//round up by default
 242:/usr/local/CrossPack-AVR-20131216/avr/include/util/delay.h **** 		__ticks_dc = (uint32_t)(ceil(fabs(__tmp)));
 243:/usr/local/CrossPack-AVR-20131216/avr/include/util/delay.h **** 	#endif
 244:/usr/local/CrossPack-AVR-20131216/avr/include/util/delay.h **** 
 245:/usr/local/CrossPack-AVR-20131216/avr/include/util/delay.h **** 	__builtin_avr_delay_cycles(__ticks_dc);
 176               	.LM9:
 177 0024 85E0      		ldi r24,lo8(5)
 178 0026 8A95      		1: dec r24
 179 0028 01F4      		brne 1b
 180 002a 0000      		nop
 181               	.LBE51:
 182               	.LBE50:
 184               	.Ltext3:
  24:/Users/atakane/Documents/Electronics/avrSHT/avrSHT/sht/sht.c ****     sck_high;
 186               	.LM10:
 187 002c 299A      		sbi 0x5,1
 188               	.LBB52:
 189               	.LBB53:
 191               	.Ltext4:
 193               	.LM11:
 194 002e 85E0      		ldi r24,lo8(5)
 195 0030 8A95      		1: dec r24
 196 0032 01F4      		brne 1b
 197 0034 0000      		nop
 198               	.LBE53:
 199               	.LBE52:
 201               	.Ltext5:
  26:/Users/atakane/Documents/Electronics/avrSHT/avrSHT/sht/sht.c ****     data_low;
 203               	.LM12:
 204 0036 2898      		cbi 0x5,0
 205               	.LBB54:
 206               	.LBB55:
 208               	.Ltext6:
 210               	.LM13:
 211 0038 85E0      		ldi r24,lo8(5)
 212 003a 8A95      		1: dec r24
 213 003c 01F4      		brne 1b
 214 003e 0000      		nop
 215               	.LBE55:
 216               	.LBE54:
 218               	.Ltext7:
  28:/Users/atakane/Documents/Electronics/avrSHT/avrSHT/sht/sht.c ****     sck_low;
 220               	.LM14:
 221 0040 2998      		cbi 0x5,1
 222               	.LBB56:
 223               	.LBB57:
 225               	.Ltext8:
 227               	.LM15:
 228 0042 85E1      		ldi r24,lo8(21)
 229 0044 8A95      		1: dec r24
 230 0046 01F4      		brne 1b
 231 0048 0000      		nop
 232               	.LBE57:
 233               	.LBE56:
 235               	.Ltext9:
  30:/Users/atakane/Documents/Electronics/avrSHT/avrSHT/sht/sht.c ****     sck_high;
 237               	.LM16:
 238 004a 299A      		sbi 0x5,1
 239               	.LBB58:
 240               	.LBB59:
 242               	.Ltext10:
 244               	.LM17:
 245 004c 85E0      		ldi r24,lo8(5)
 246 004e 8A95      		1: dec r24
 247 0050 01F4      		brne 1b
 248 0052 0000      		nop
 249               	.LBE59:
 250               	.LBE58:
 252               	.Ltext11:
  32:/Users/atakane/Documents/Electronics/avrSHT/avrSHT/sht/sht.c ****     data_high;
 254               	.LM18:
 255 0054 289A      		sbi 0x5,0
 256               	.LBB60:
 257               	.LBB61:
 259               	.Ltext12:
 261               	.LM19:
 262 0056 85E0      		ldi r24,lo8(5)
 263 0058 8A95      		1: dec r24
 264 005a 01F4      		brne 1b
 265 005c 0000      		nop
 266               	.LBE61:
 267               	.LBE60:
 269               	.Ltext13:
  34:/Users/atakane/Documents/Electronics/avrSHT/avrSHT/sht/sht.c ****     sck_low;
 271               	.LM20:
 272 005e 2998      		cbi 0x5,1
 273 0060 0895      		ret
 275               	.Lscope2:
 278               	.global	send_command
 280               	send_command:
  37:/Users/atakane/Documents/Electronics/avrSHT/avrSHT/sht/sht.c **** void send_command(uint8_t command) {
 282               	.LM21:
 283               	.LFBB3:
 284               	/* prologue: function */
 285               	/* frame size = 0 */
 286               	/* stack size = 0 */
 287               	.L__stack_usage = 0
 288               	.LBB62:
 289               	.LBB63:
 291               	.Ltext14:
 293               	.LM22:
 294 0062 6AE0      		ldi r22,lo8(10)
 295 0064 6A95      		1: dec r22
 296 0066 01F4      		brne 1b
 297 0068 00C0      		rjmp .
 298               	.LBE63:
 299               	.LBE62:
 301               	.Ltext15:
  39:/Users/atakane/Documents/Electronics/avrSHT/avrSHT/sht/sht.c ****     data_out;                               // Enable data as output port
 303               	.LM23:
 304 006a 93E0      		ldi r25,lo8(3)
 305 006c 94B9      		out 0x4,r25
 306               	.LBB64:
  41:/Users/atakane/Documents/Electronics/avrSHT/avrSHT/sht/sht.c ****     for (int i = 0; i < 8; i++) {
 308               	.LM24:
 309 006e 20E0      		ldi r18,0
 310 0070 30E0      		ldi r19,0
  42:/Users/atakane/Documents/Electronics/avrSHT/avrSHT/sht/sht.c ****         if (0x01 & (command >> (7-i))) {
 312               	.LM25:
 313 0072 90E0      		ldi r25,0
 314 0074 47E0      		ldi r20,lo8(7)
 315 0076 50E0      		ldi r21,0
  54:/Users/atakane/Documents/Electronics/avrSHT/avrSHT/sht/sht.c ****             data_in;
 317               	.LM26:
 318 0078 EEEF      		ldi r30,lo8(-2)
 319               	.L15:
 320 007a BA01      		movw r22,r20
 321 007c 621B      		sub r22,r18
 322 007e 730B      		sbc r23,r19
  42:/Users/atakane/Documents/Electronics/avrSHT/avrSHT/sht/sht.c ****         if (0x01 & (command >> (7-i))) {
 324               	.LM27:
 325 0080 DC01      		movw r26,r24
 326 0082 00C0      		rjmp 2f
 327               		1:
 328 0084 B595      		asr r27
 329 0086 A795      		ror r26
 330               		2:
 331 0088 6A95      		dec r22
 332 008a 02F4      		brpl 1b
 333 008c A0FF      		sbrs r26,0
 334 008e 00C0      		rjmp .L8
  43:/Users/atakane/Documents/Electronics/avrSHT/avrSHT/sht/sht.c ****             data_high;
 336               	.LM28:
 337 0090 289A      		sbi 0x5,0
 338 0092 00C0      		rjmp .L9
 339               	.L8:
  45:/Users/atakane/Documents/Electronics/avrSHT/avrSHT/sht/sht.c ****             data_low;
 341               	.LM29:
 342 0094 2898      		cbi 0x5,0
 343               	.L9:
 344               	.LBB65:
 345               	.LBB66:
 347               	.Ltext16:
 349               	.LM30:
 350 0096 BAE0      		ldi r27,lo8(10)
 351 0098 BA95      		1: dec r27
 352 009a 01F4      		brne 1b
 353 009c 00C0      		rjmp .
 354               	.LBE66:
 355               	.LBE65:
 357               	.Ltext17:
  49:/Users/atakane/Documents/Electronics/avrSHT/avrSHT/sht/sht.c ****         sck_high;
 359               	.LM31:
 360 009e 299A      		sbi 0x5,1
 361               	.LBB67:
 362               	.LBB68:
 364               	.Ltext18:
 366               	.LM32:
 367 00a0 6AE0      		ldi r22,lo8(10)
 368 00a2 6A95      		1: dec r22
 369 00a4 01F4      		brne 1b
 370 00a6 00C0      		rjmp .
 371               	.LBE68:
 372               	.LBE67:
 374               	.Ltext19:
  51:/Users/atakane/Documents/Electronics/avrSHT/avrSHT/sht/sht.c ****         sck_low;
 376               	.LM33:
 377 00a8 2998      		cbi 0x5,1
  53:/Users/atakane/Documents/Electronics/avrSHT/avrSHT/sht/sht.c ****         if (i == 7) {
 379               	.LM34:
 380 00aa 2730      		cpi r18,7
 381 00ac 3105      		cpc r19,__zero_reg__
 382 00ae 01F0      		breq .L10
 383               	.L13:
  41:/Users/atakane/Documents/Electronics/avrSHT/avrSHT/sht/sht.c ****     for (int i = 0; i < 8; i++) {
 385               	.LM35:
 386 00b0 2F5F      		subi r18,-1
 387 00b2 3F4F      		sbci r19,-1
 388 00b4 2830      		cpi r18,8
 389 00b6 3105      		cpc r19,__zero_reg__
 390 00b8 01F4      		brne .L15
 391               	.LBE64:
 392               	.LBB69:
 393               	.LBB70:
 395               	.Ltext20:
 397               	.LM36:
 398 00ba 8AE0      		ldi r24,lo8(10)
 399 00bc 8A95      		1: dec r24
 400 00be 01F4      		brne 1b
 401 00c0 00C0      		rjmp .
 402               	.LBE70:
 403               	.LBE69:
 405               	.Ltext21:
  61:/Users/atakane/Documents/Electronics/avrSHT/avrSHT/sht/sht.c ****     sck_high;
 407               	.LM37:
 408 00c2 299A      		sbi 0x5,1
 409               	.LBB71:
 410               	.LBB72:
 412               	.Ltext22:
 414               	.LM38:
 415 00c4 9AE0      		ldi r25,lo8(10)
 416 00c6 9A95      		1: dec r25
 417 00c8 01F4      		brne 1b
 418 00ca 00C0      		rjmp .
 419               	.LBE72:
 420               	.LBE71:
 422               	.Ltext23:
  63:/Users/atakane/Documents/Electronics/avrSHT/avrSHT/sht/sht.c ****     sck_low;
 424               	.LM39:
 425 00cc 2998      		cbi 0x5,1
 426 00ce 0895      		ret
 427               	.L10:
 428               	.LBB73:
  54:/Users/atakane/Documents/Electronics/avrSHT/avrSHT/sht/sht.c ****             data_in;
 430               	.LM40:
 431 00d0 E4B9      		out 0x4,r30
  55:/Users/atakane/Documents/Electronics/avrSHT/avrSHT/sht/sht.c ****             data_high;
 433               	.LM41:
 434 00d2 289A      		sbi 0x5,0
 435               	.L14:
  56:/Users/atakane/Documents/Electronics/avrSHT/avrSHT/sht/sht.c ****             while ((PINB & (1 << DATA)));   // Wait for data line low
 437               	.LM42:
 438 00d4 1899      		sbic 0x3,0
 439 00d6 00C0      		rjmp .L14
 440 00d8 00C0      		rjmp .L13
 441               	.LBE73:
 449               	.Lscope3:
 451               	.global	reset
 453               	reset:
  66:/Users/atakane/Documents/Electronics/avrSHT/avrSHT/sht/sht.c **** void reset() {
 455               	.LM43:
 456               	.LFBB4:
 457               	/* prologue: function */
 458               	/* frame size = 0 */
 459               	/* stack size = 0 */
 460               	.L__stack_usage = 0
  67:/Users/atakane/Documents/Electronics/avrSHT/avrSHT/sht/sht.c ****     data_out;
 462               	.LM44:
 463 00da 83E0      		ldi r24,lo8(3)
 464 00dc 84B9      		out 0x4,r24
  68:/Users/atakane/Documents/Electronics/avrSHT/avrSHT/sht/sht.c ****     data_high;
 466               	.LM45:
 467 00de 289A      		sbi 0x5,0
 468 00e0 89E0      		ldi r24,lo8(9)
 469 00e2 90E0      		ldi r25,0
 470               	.L22:
 471               	.LBB74:
 472               	.LBB75:
 473               	.LBB76:
 475               	.Ltext24:
 477               	.LM46:
 478 00e4 2AE0      		ldi r18,lo8(10)
 479 00e6 2A95      		1: dec r18
 480 00e8 01F4      		brne 1b
 481 00ea 00C0      		rjmp .
 482               	.LBE76:
 483               	.LBE75:
 485               	.Ltext25:
  72:/Users/atakane/Documents/Electronics/avrSHT/avrSHT/sht/sht.c ****         sck_high;
 487               	.LM47:
 488 00ec 299A      		sbi 0x5,1
 489               	.LBB77:
 490               	.LBB78:
 492               	.Ltext26:
 494               	.LM48:
 495 00ee 2AE0      		ldi r18,lo8(10)
 496 00f0 2A95      		1: dec r18
 497 00f2 01F4      		brne 1b
 498 00f4 00C0      		rjmp .
 499               	.LBE78:
 500               	.LBE77:
 502               	.Ltext27:
  74:/Users/atakane/Documents/Electronics/avrSHT/avrSHT/sht/sht.c ****         sck_low;
 504               	.LM49:
 505 00f6 2998      		cbi 0x5,1
 506 00f8 0197      		sbiw r24,1
  70:/Users/atakane/Documents/Electronics/avrSHT/avrSHT/sht/sht.c ****     for (int i = 0; i < 9; i++) {
 508               	.LM50:
 509 00fa 0097      		sbiw r24,0
 510 00fc 01F4      		brne .L22
 511               	.LBE74:
  76:/Users/atakane/Documents/Electronics/avrSHT/avrSHT/sht/sht.c ****     initialize_transmisson();
 513               	.LM51:
 514 00fe 0C94 0000 		jmp initialize_transmisson
 516               	.Lscope4:
 517               	.global	__floatunsisf
 518               	.global	__mulsf3
 519               	.global	__subsf3
 523               	.global	calculate_measured_data
 525               	calculate_measured_data:
 100:/Users/atakane/Documents/Electronics/avrSHT/avrSHT/sht/sht.c **** float calculate_measured_data(uint16_t measured_data, uint8_t value) {
 527               	.LM52:
 528               	.LFBB5:
 529 0102 8F92      		push r8
 530 0104 9F92      		push r9
 531 0106 AF92      		push r10
 532 0108 BF92      		push r11
 533 010a CF92      		push r12
 534 010c DF92      		push r13
 535 010e EF92      		push r14
 536 0110 FF92      		push r15
 537               	/* prologue: function */
 538               	/* frame size = 0 */
 539               	/* stack size = 8 */
 540               	.L__stack_usage = 8
 103:/Users/atakane/Documents/Electronics/avrSHT/avrSHT/sht/sht.c ****     switch (value) {
 542               	.LM53:
 543 0112 6330      		cpi r22,lo8(3)
 544 0114 01F0      		breq .L25
 545 0116 6530      		cpi r22,lo8(5)
 546 0118 01F4      		brne .L28
 547               	.LBB81:
 548               	.LBB82:
 105:/Users/atakane/Documents/Electronics/avrSHT/avrSHT/sht/sht.c ****             _humidity = measured_data * 0.0405 - 2.8 * pow(10, -6) * pow(measured_data, 2) - 4;
 550               	.LM54:
 551 011a BC01      		movw r22,r24
 552 011c 80E0      		ldi r24,0
 553 011e 90E0      		ldi r25,0
 554 0120 0E94 0000 		call __floatunsisf
 555 0124 6B01      		movw r12,r22
 556 0126 7C01      		movw r14,r24
 557 0128 24E5      		ldi r18,lo8(84)
 558 012a 33EE      		ldi r19,lo8(-29)
 559 012c 45E2      		ldi r20,lo8(37)
 560 012e 5DE3      		ldi r21,lo8(61)
 561 0130 0E94 0000 		call __mulsf3
 562 0134 4B01      		movw r8,r22
 563 0136 5C01      		movw r10,r24
 564 0138 A701      		movw r20,r14
 565 013a 9601      		movw r18,r12
 566 013c C701      		movw r24,r14
 567 013e B601      		movw r22,r12
 568 0140 0E94 0000 		call __mulsf3
 569 0144 22EA      		ldi r18,lo8(-94)
 570 0146 37EE      		ldi r19,lo8(-25)
 571 0148 4BE3      		ldi r20,lo8(59)
 572 014a 56E3      		ldi r21,lo8(54)
 573 014c 0E94 0000 		call __mulsf3
 574 0150 9B01      		movw r18,r22
 575 0152 AC01      		movw r20,r24
 576 0154 C501      		movw r24,r10
 577 0156 B401      		movw r22,r8
 578 0158 0E94 0000 		call __subsf3
 579 015c 20E0      		ldi r18,0
 580 015e 30E0      		ldi r19,0
 581 0160 40E8      		ldi r20,lo8(-128)
 582 0162 50E4      		ldi r21,lo8(64)
 583 0164 00C0      		rjmp .L29
 584               	.L25:
 585               	.LBE82:
 586               	.LBE81:
 109:/Users/atakane/Documents/Electronics/avrSHT/avrSHT/sht/sht.c ****             _temperature = -40.00 + 0.01 * measured_data;
 588               	.LM55:
 589 0166 BC01      		movw r22,r24
 590 0168 80E0      		ldi r24,0
 591 016a 90E0      		ldi r25,0
 592 016c 0E94 0000 		call __floatunsisf
 593 0170 2AE0      		ldi r18,lo8(10)
 594 0172 37ED      		ldi r19,lo8(-41)
 595 0174 43E2      		ldi r20,lo8(35)
 596 0176 5CE3      		ldi r21,lo8(60)
 597 0178 0E94 0000 		call __mulsf3
 598 017c 20E0      		ldi r18,0
 599 017e 30E0      		ldi r19,0
 600 0180 40E2      		ldi r20,lo8(32)
 601 0182 52E4      		ldi r21,lo8(66)
 602               	.L29:
 603 0184 0E94 0000 		call __subsf3
 110:/Users/atakane/Documents/Electronics/avrSHT/avrSHT/sht/sht.c ****             return _temperature;
 605               	.LM56:
 606 0188 00C0      		rjmp .L24
 607               	.L28:
 114:/Users/atakane/Documents/Electronics/avrSHT/avrSHT/sht/sht.c ****     return 1;
 609               	.LM57:
 610 018a 60E0      		ldi r22,0
 611 018c 70E0      		ldi r23,0
 612 018e 80E8      		ldi r24,lo8(-128)
 613 0190 9FE3      		ldi r25,lo8(63)
 614               	.L24:
 615               	/* epilogue start */
 115:/Users/atakane/Documents/Electronics/avrSHT/avrSHT/sht/sht.c **** }
 617               	.LM58:
 618 0192 FF90      		pop r15
 619 0194 EF90      		pop r14
 620 0196 DF90      		pop r13
 621 0198 CF90      		pop r12
 622 019a BF90      		pop r11
 623 019c AF90      		pop r10
 624 019e 9F90      		pop r9
 625 01a0 8F90      		pop r8
 626 01a2 0895      		ret
 628               	.Lscope5:
 630               	.global	serial_init
 632               	serial_init:
 139:/Users/atakane/Documents/Electronics/avrSHT/avrSHT/sht/sht.c **** void serial_init() {
 634               	.LM59:
 635               	.LFBB6:
 636               	/* prologue: function */
 637               	/* frame size = 0 */
 638               	/* stack size = 0 */
 639               	.L__stack_usage = 0
 147:/Users/atakane/Documents/Electronics/avrSHT/avrSHT/sht/sht.c ****     UCSR0B = (1 << TXEN0);
 641               	.LM60:
 642 01a4 88E0      		ldi r24,lo8(8)
 643 01a6 8093 C100 		sts 193,r24
 148:/Users/atakane/Documents/Electronics/avrSHT/avrSHT/sht/sht.c ****     UBRR0L = 51;
 645               	.LM61:
 646 01aa 83E3      		ldi r24,lo8(51)
 647 01ac 8093 C400 		sts 196,r24
 149:/Users/atakane/Documents/Electronics/avrSHT/avrSHT/sht/sht.c ****     UCSR0C = (1 << UCSZ01) | (1 << UCSZ00);
 649               	.LM62:
 650 01b0 86E0      		ldi r24,lo8(6)
 651 01b2 8093 C200 		sts 194,r24
 652 01b6 0895      		ret
 654               	.Lscope6:
 657               	.global	receive_bytes
 659               	receive_bytes:
 160:/Users/atakane/Documents/Electronics/avrSHT/avrSHT/sht/sht.c **** 
 161:/Users/atakane/Documents/Electronics/avrSHT/avrSHT/sht/sht.c **** void receive_bytes(uint8_t *target) {
 661               	.LM63:
 662               	.LFBB7:
 663               	/* prologue: function */
 664               	/* frame size = 0 */
 665               	/* stack size = 0 */
 666               	.L__stack_usage = 0
 667 01b8 FC01      		movw r30,r24
 669               	.LM64:
 670 01ba 27E0      		ldi r18,lo8(7)
 671 01bc 30E0      		ldi r19,0
 672               	.LBB83:
 162:/Users/atakane/Documents/Electronics/avrSHT/avrSHT/sht/sht.c ****     for (int i = 0; i < 8; i++) {
 163:/Users/atakane/Documents/Electronics/avrSHT/avrSHT/sht/sht.c ****         sck_high;
 164:/Users/atakane/Documents/Electronics/avrSHT/avrSHT/sht/sht.c ****         _delay_us(4);
 165:/Users/atakane/Documents/Electronics/avrSHT/avrSHT/sht/sht.c ****         if ((PINB & (1 << PINB0))) {
 166:/Users/atakane/Documents/Electronics/avrSHT/avrSHT/sht/sht.c ****             *target |= (1 << (7 - i));
 167:/Users/atakane/Documents/Electronics/avrSHT/avrSHT/sht/sht.c ****         } else {
 168:/Users/atakane/Documents/Electronics/avrSHT/avrSHT/sht/sht.c ****             *target &= ~(1 << (7 - i));
 674               	.LM65:
 675 01be 81E0      		ldi r24,lo8(1)
 676 01c0 90E0      		ldi r25,0
 677               	.L35:
 163:/Users/atakane/Documents/Electronics/avrSHT/avrSHT/sht/sht.c ****         sck_high;
 679               	.LM66:
 680 01c2 299A      		sbi 0x5,1
 681               	.LBB84:
 682               	.LBB85:
 684               	.Ltext28:
 686               	.LM67:
 687 01c4 4AE0      		ldi r20,lo8(10)
 688 01c6 4A95      		1: dec r20
 689 01c8 01F4      		brne 1b
 690 01ca 00C0      		rjmp .
 691 01cc 6081      		ld r22,Z
 692               	.LBE85:
 693               	.LBE84:
 695               	.Ltext29:
 166:/Users/atakane/Documents/Electronics/avrSHT/avrSHT/sht/sht.c ****             *target |= (1 << (7 - i));
 697               	.LM68:
 698 01ce AC01      		movw r20,r24
 699 01d0 022E      		mov r0,r18
 700 01d2 00C0      		rjmp 2f
 701               		1:
 702 01d4 440F      		lsl r20
 703               		2:
 704 01d6 0A94      		dec r0
 705 01d8 02F4      		brpl 1b
 165:/Users/atakane/Documents/Electronics/avrSHT/avrSHT/sht/sht.c ****         if ((PINB & (1 << PINB0))) {
 707               	.LM69:
 708 01da 189B      		sbis 0x3,0
 709 01dc 00C0      		rjmp .L32
 166:/Users/atakane/Documents/Electronics/avrSHT/avrSHT/sht/sht.c ****             *target |= (1 << (7 - i));
 711               	.LM70:
 712 01de 462B      		or r20,r22
 713 01e0 00C0      		rjmp .L36
 714               	.L32:
 716               	.LM71:
 717 01e2 4095      		com r20
 718 01e4 4623      		and r20,r22
 719               	.L36:
 720 01e6 4083      		st Z,r20
 169:/Users/atakane/Documents/Electronics/avrSHT/avrSHT/sht/sht.c ****         }
 170:/Users/atakane/Documents/Electronics/avrSHT/avrSHT/sht/sht.c ****         sck_low;
 722               	.LM72:
 723 01e8 2998      		cbi 0x5,1
 724               	.LBB86:
 725               	.LBB87:
 727               	.Ltext30:
 729               	.LM73:
 730 01ea 4AE0      		ldi r20,lo8(10)
 731 01ec 4A95      		1: dec r20
 732 01ee 01F4      		brne 1b
 733 01f0 00C0      		rjmp .
 734               	.LBE87:
 735               	.LBE86:
 736 01f2 2150      		subi r18,1
 737 01f4 3109      		sbc r19,__zero_reg__
 738 01f6 00F4      		brcc .L35
 739               	/* epilogue start */
 740               	.LBE83:
 742               	.Ltext31:
 171:/Users/atakane/Documents/Electronics/avrSHT/avrSHT/sht/sht.c ****         _delay_us(4);
 172:/Users/atakane/Documents/Electronics/avrSHT/avrSHT/sht/sht.c ****     }
 173:/Users/atakane/Documents/Electronics/avrSHT/avrSHT/sht/sht.c **** }
 744               	.LM74:
 745 01f8 0895      		ret
 747               	.Lscope7:
 749               	.global	ack
 751               	ack:
 174:/Users/atakane/Documents/Electronics/avrSHT/avrSHT/sht/sht.c **** 
 175:/Users/atakane/Documents/Electronics/avrSHT/avrSHT/sht/sht.c **** void ack(void) {
 753               	.LM75:
 754               	.LFBB8:
 755               	/* prologue: function */
 756               	/* frame size = 0 */
 757               	/* stack size = 0 */
 758               	.L__stack_usage = 0
 176:/Users/atakane/Documents/Electronics/avrSHT/avrSHT/sht/sht.c ****     data_out;
 760               	.LM76:
 761 01fa 83E0      		ldi r24,lo8(3)
 762 01fc 84B9      		out 0x4,r24
 177:/Users/atakane/Documents/Electronics/avrSHT/avrSHT/sht/sht.c ****     data_low;
 764               	.LM77:
 765 01fe 2898      		cbi 0x5,0
 766               	.LBB88:
 767               	.LBB89:
 769               	.Ltext32:
 771               	.LM78:
 772 0200 8AE0      		ldi r24,lo8(10)
 773 0202 8A95      		1: dec r24
 774 0204 01F4      		brne 1b
 775 0206 00C0      		rjmp .
 776               	.LBE89:
 777               	.LBE88:
 779               	.Ltext33:
 178:/Users/atakane/Documents/Electronics/avrSHT/avrSHT/sht/sht.c ****     _delay_us(4);
 179:/Users/atakane/Documents/Electronics/avrSHT/avrSHT/sht/sht.c ****     sck_high;
 781               	.LM79:
 782 0208 299A      		sbi 0x5,1
 783               	.LBB90:
 784               	.LBB91:
 786               	.Ltext34:
 788               	.LM80:
 789 020a 8AE0      		ldi r24,lo8(10)
 790 020c 8A95      		1: dec r24
 791 020e 01F4      		brne 1b
 792 0210 00C0      		rjmp .
 793               	.LBE91:
 794               	.LBE90:
 796               	.Ltext35:
 180:/Users/atakane/Documents/Electronics/avrSHT/avrSHT/sht/sht.c ****     _delay_us(4);
 181:/Users/atakane/Documents/Electronics/avrSHT/avrSHT/sht/sht.c ****     sck_low;
 798               	.LM81:
 799 0212 2998      		cbi 0x5,1
 800               	.LBB92:
 801               	.LBB93:
 803               	.Ltext36:
 805               	.LM82:
 806 0214 8AE0      		ldi r24,lo8(10)
 807 0216 8A95      		1: dec r24
 808 0218 01F4      		brne 1b
 809 021a 00C0      		rjmp .
 810               	.LBE93:
 811               	.LBE92:
 813               	.Ltext37:
 182:/Users/atakane/Documents/Electronics/avrSHT/avrSHT/sht/sht.c ****     _delay_us(4);
 183:/Users/atakane/Documents/Electronics/avrSHT/avrSHT/sht/sht.c ****     data_in;
 815               	.LM83:
 816 021c 8EEF      		ldi r24,lo8(-2)
 817 021e 84B9      		out 0x4,r24
 184:/Users/atakane/Documents/Electronics/avrSHT/avrSHT/sht/sht.c ****     data_high;
 819               	.LM84:
 820 0220 289A      		sbi 0x5,0
 821 0222 0895      		ret
 823               	.Lscope8:
 825               	.global	read_data
 827               	read_data:
  81:/Users/atakane/Documents/Electronics/avrSHT/avrSHT/sht/sht.c **** uint16_t read_data() {
 829               	.LM85:
 830               	.LFBB9:
 831 0224 CF93      		push r28
 832 0226 DF93      		push r29
 833 0228 00D0      		rcall .
 834 022a CDB7      		in r28,__SP_L__
 835 022c DEB7      		in r29,__SP_H__
 836               	/* prologue: function */
 837               	/* frame size = 2 */
 838               	/* stack size = 4 */
 839               	.L__stack_usage = 4
  84:/Users/atakane/Documents/Electronics/avrSHT/avrSHT/sht/sht.c ****     data_l = 0x00;
 841               	.LM86:
 842 022e 1A82      		std Y+2,__zero_reg__
  85:/Users/atakane/Documents/Electronics/avrSHT/avrSHT/sht/sht.c ****     data_h = 0x00;
 844               	.LM87:
 845 0230 1982      		std Y+1,__zero_reg__
  86:/Users/atakane/Documents/Electronics/avrSHT/avrSHT/sht/sht.c ****     data_in;
 847               	.LM88:
 848 0232 8EEF      		ldi r24,lo8(-2)
 849 0234 84B9      		out 0x4,r24
  87:/Users/atakane/Documents/Electronics/avrSHT/avrSHT/sht/sht.c ****     data_high;
 851               	.LM89:
 852 0236 289A      		sbi 0x5,0
 853               	.L40:
  89:/Users/atakane/Documents/Electronics/avrSHT/avrSHT/sht/sht.c ****     while (PINB & (1<<DATA));
 855               	.LM90:
 856 0238 1899      		sbic 0x3,0
 857 023a 00C0      		rjmp .L40
  91:/Users/atakane/Documents/Electronics/avrSHT/avrSHT/sht/sht.c ****     receive_bytes(&data_h);
 859               	.LM91:
 860 023c CE01      		movw r24,r28
 861 023e 0196      		adiw r24,1
 862 0240 0E94 0000 		call receive_bytes
  92:/Users/atakane/Documents/Electronics/avrSHT/avrSHT/sht/sht.c ****     ack(); // ack() to start getting LSB
 864               	.LM92:
 865 0244 0E94 0000 		call ack
  94:/Users/atakane/Documents/Electronics/avrSHT/avrSHT/sht/sht.c ****     receive_bytes(&data_l);
 867               	.LM93:
 868 0248 CE01      		movw r24,r28
 869 024a 0296      		adiw r24,2
 870 024c 0E94 0000 		call receive_bytes
  96:/Users/atakane/Documents/Electronics/avrSHT/avrSHT/sht/sht.c ****     measured = (data_h << 8) | data_l;
 872               	.LM94:
 873 0250 8981      		ldd r24,Y+1
 874 0252 90E0      		ldi r25,0
 875 0254 982F      		mov r25,r24
 876 0256 8827      		clr r24
 877 0258 2A81      		ldd r18,Y+2
  98:/Users/atakane/Documents/Electronics/avrSHT/avrSHT/sht/sht.c **** }
 879               	.LM95:
 880 025a 822B      		or r24,r18
 881               	/* epilogue start */
 882 025c 0F90      		pop __tmp_reg__
 883 025e 0F90      		pop __tmp_reg__
 884 0260 DF91      		pop r29
 885 0262 CF91      		pop r28
 886 0264 0895      		ret
 892               	.Lscope9:
 893               	.global	__fixunssfsi
 894               	.global	__floatsisf
 895               	.global	__addsf3
 897               	.global	sht_sense
 899               	sht_sense:
 117:/Users/atakane/Documents/Electronics/avrSHT/avrSHT/sht/sht.c **** sht_data sht_sense() {
 901               	.LM96:
 902               	.LFBB10:
 903 0266 4F92      		push r4
 904 0268 5F92      		push r5
 905 026a 6F92      		push r6
 906 026c 7F92      		push r7
 907 026e 8F92      		push r8
 908 0270 9F92      		push r9
 909 0272 AF92      		push r10
 910 0274 BF92      		push r11
 911 0276 CF92      		push r12
 912 0278 DF92      		push r13
 913 027a EF92      		push r14
 914 027c FF92      		push r15
 915 027e 1F93      		push r17
 916 0280 CF93      		push r28
 917 0282 DF93      		push r29
 918 0284 00D0      		rcall .
 919 0286 00D0      		rcall .
 920 0288 CDB7      		in r28,__SP_L__
 921 028a DEB7      		in r29,__SP_H__
 922               	/* prologue: function */
 923               	/* frame size = 4 */
 924               	/* stack size = 19 */
 925               	.L__stack_usage = 19
 121:/Users/atakane/Documents/Electronics/avrSHT/avrSHT/sht/sht.c ****     initialize_transmisson();   // Initilize the sensor to send command
 927               	.LM97:
 928 028c 0E94 0000 		call initialize_transmisson
 122:/Users/atakane/Documents/Electronics/avrSHT/avrSHT/sht/sht.c ****     send_command(temperature);
 930               	.LM98:
 931 0290 83E0      		ldi r24,lo8(3)
 932 0292 0E94 0000 		call send_command
 933               	.LBB108:
 934               	.LBB109:
 936               	.Ltext38:
 938               	.LM99:
 939 0296 25ED      		ldi r18,lo8(-43)
 940 0298 2A95      		1: dec r18
 941 029a 01F4      		brne 1b
 942 029c 0000      		nop
 943               	.LBE109:
 944               	.LBE108:
 946               	.Ltext39:
 124:/Users/atakane/Documents/Electronics/avrSHT/avrSHT/sht/sht.c ****     _temperature = calculate_measured_data(read_data(), temperature);
 948               	.LM100:
 949 029e 0E94 0000 		call read_data
 950               	.LBB110:
 951               	.LBB111:
 109:/Users/atakane/Documents/Electronics/avrSHT/avrSHT/sht/sht.c ****             _temperature = -40.00 + 0.01 * measured_data;
 953               	.LM101:
 954 02a2 BC01      		movw r22,r24
 955 02a4 80E0      		ldi r24,0
 956 02a6 90E0      		ldi r25,0
 957 02a8 0E94 0000 		call __floatunsisf
 958 02ac 2AE0      		ldi r18,lo8(10)
 959 02ae 37ED      		ldi r19,lo8(-41)
 960 02b0 43E2      		ldi r20,lo8(35)
 961 02b2 5CE3      		ldi r21,lo8(60)
 962 02b4 0E94 0000 		call __mulsf3
 963 02b8 20E0      		ldi r18,0
 964 02ba 30E0      		ldi r19,0
 965 02bc 40E2      		ldi r20,lo8(32)
 966 02be 52E4      		ldi r21,lo8(66)
 967 02c0 0E94 0000 		call __subsf3
 968               	.LBE111:
 969               	.LBE110:
 124:/Users/atakane/Documents/Electronics/avrSHT/avrSHT/sht/sht.c ****     _temperature = calculate_measured_data(read_data(), temperature);
 971               	.LM102:
 972 02c4 0E94 0000 		call __fixunssfsi
 973 02c8 162F      		mov r17,r22
 125:/Users/atakane/Documents/Electronics/avrSHT/avrSHT/sht/sht.c ****     reset();
 975               	.LM103:
 976 02ca 0E94 0000 		call reset
 126:/Users/atakane/Documents/Electronics/avrSHT/avrSHT/sht/sht.c ****     send_command(humidity);
 978               	.LM104:
 979 02ce 85E0      		ldi r24,lo8(5)
 980 02d0 0E94 0000 		call send_command
 981               	.LBB112:
 982               	.LBB113:
 984               	.Ltext40:
 986               	.LM105:
 987 02d4 35ED      		ldi r19,lo8(-43)
 988 02d6 3A95      		1: dec r19
 989 02d8 01F4      		brne 1b
 990 02da 0000      		nop
 991               	.LBE113:
 992               	.LBE112:
 994               	.Ltext41:
 128:/Users/atakane/Documents/Electronics/avrSHT/avrSHT/sht/sht.c ****     __humidity = read_data();
 996               	.LM106:
 997 02dc 0E94 0000 		call read_data
 998               	.LBB114:
 999               	.LBB115:
 1000               	.LBB116:
 1001               	.LBB117:
 105:/Users/atakane/Documents/Electronics/avrSHT/avrSHT/sht/sht.c ****             _humidity = measured_data * 0.0405 - 2.8 * pow(10, -6) * pow(measured_data, 2) - 4;
 1003               	.LM107:
 1004 02e0 BC01      		movw r22,r24
 1005 02e2 80E0      		ldi r24,0
 1006 02e4 90E0      		ldi r25,0
 1007 02e6 0E94 0000 		call __floatunsisf
 1008 02ea 6B01      		movw r12,r22
 1009 02ec 7C01      		movw r14,r24
 1010               	.LBE117:
 1011               	.LBE116:
 1012               	.LBE115:
 1013               	.LBE114:
 130:/Users/atakane/Documents/Electronics/avrSHT/avrSHT/sht/sht.c ****     _humidity = (_temperature - 25) * (0.01 + 0.00008 * __humidity) + _humidity;
 1015               	.LM108:
 1016 02ee 612F      		mov r22,r17
 1017 02f0 70E0      		ldi r23,0
 1018 02f2 6951      		subi r22,25
 1019 02f4 7109      		sbc r23,__zero_reg__
 1020 02f6 8827      		clr r24
 1021 02f8 77FD      		sbrc r23,7
 1022 02fa 8095      		com r24
 1023 02fc 982F      		mov r25,r24
 1024 02fe 0E94 0000 		call __floatsisf
 1025 0302 4B01      		movw r8,r22
 1026 0304 5C01      		movw r10,r24
 1027 0306 2CEA      		ldi r18,lo8(-84)
 1028 0308 35EC      		ldi r19,lo8(-59)
 1029 030a 47EA      		ldi r20,lo8(-89)
 1030 030c 58E3      		ldi r21,lo8(56)
 1031 030e C701      		movw r24,r14
 1032 0310 B601      		movw r22,r12
 1033 0312 0E94 0000 		call __mulsf3
 1034 0316 2AE0      		ldi r18,lo8(10)
 1035 0318 37ED      		ldi r19,lo8(-41)
 1036 031a 43E2      		ldi r20,lo8(35)
 1037 031c 5CE3      		ldi r21,lo8(60)
 1038 031e 0E94 0000 		call __addsf3
 1039 0322 9B01      		movw r18,r22
 1040 0324 AC01      		movw r20,r24
 1041 0326 C501      		movw r24,r10
 1042 0328 B401      		movw r22,r8
 1043 032a 0E94 0000 		call __mulsf3
 1044 032e 4B01      		movw r8,r22
 1045 0330 5C01      		movw r10,r24
 1046               	.LBB121:
 1047               	.LBB120:
 1048               	.LBB119:
 1049               	.LBB118:
 105:/Users/atakane/Documents/Electronics/avrSHT/avrSHT/sht/sht.c ****             _humidity = measured_data * 0.0405 - 2.8 * pow(10, -6) * pow(measured_data, 2) - 4;
 1051               	.LM109:
 1052 0332 24E5      		ldi r18,lo8(84)
 1053 0334 33EE      		ldi r19,lo8(-29)
 1054 0336 45E2      		ldi r20,lo8(37)
 1055 0338 5DE3      		ldi r21,lo8(61)
 1056 033a C701      		movw r24,r14
 1057 033c B601      		movw r22,r12
 1058 033e 0E94 0000 		call __mulsf3
 1059 0342 2B01      		movw r4,r22
 1060 0344 3C01      		movw r6,r24
 1061 0346 A701      		movw r20,r14
 1062 0348 9601      		movw r18,r12
 1063 034a C701      		movw r24,r14
 1064 034c B601      		movw r22,r12
 1065 034e 0E94 0000 		call __mulsf3
 1066 0352 22EA      		ldi r18,lo8(-94)
 1067 0354 37EE      		ldi r19,lo8(-25)
 1068 0356 4BE3      		ldi r20,lo8(59)
 1069 0358 56E3      		ldi r21,lo8(54)
 1070 035a 0E94 0000 		call __mulsf3
 1071 035e 9B01      		movw r18,r22
 1072 0360 AC01      		movw r20,r24
 1073 0362 C301      		movw r24,r6
 1074 0364 B201      		movw r22,r4
 1075 0366 0E94 0000 		call __subsf3
 1076 036a 20E0      		ldi r18,0
 1077 036c 30E0      		ldi r19,0
 1078 036e 40E8      		ldi r20,lo8(-128)
 1079 0370 50E4      		ldi r21,lo8(64)
 1080 0372 0E94 0000 		call __subsf3
 1081               	.LBE118:
 1082               	.LBE119:
 1083               	.LBE120:
 1084               	.LBE121:
 129:/Users/atakane/Documents/Electronics/avrSHT/avrSHT/sht/sht.c ****     _humidity = calculate_measured_data(__humidity, humidity);
 1086               	.LM110:
 1087 0376 0E94 0000 		call __fixunssfsi
 130:/Users/atakane/Documents/Electronics/avrSHT/avrSHT/sht/sht.c ****     _humidity = (_temperature - 25) * (0.01 + 0.00008 * __humidity) + _humidity;
 1089               	.LM111:
 1090 037a 70E0      		ldi r23,0
 1091 037c 80E0      		ldi r24,0
 1092 037e 90E0      		ldi r25,0
 1093 0380 0E94 0000 		call __floatsisf
 1094 0384 9B01      		movw r18,r22
 1095 0386 AC01      		movw r20,r24
 1096 0388 C501      		movw r24,r10
 1097 038a B401      		movw r22,r8
 1098 038c 0E94 0000 		call __addsf3
 131:/Users/atakane/Documents/Electronics/avrSHT/avrSHT/sht/sht.c ****     reset();
 1100               	.LM112:
 1101 0390 6983      		std Y+1,r22
 1102 0392 7A83      		std Y+2,r23
 1103 0394 8B83      		std Y+3,r24
 1104 0396 9C83      		std Y+4,r25
 1105 0398 0E94 0000 		call reset
 1106               	.LBB122:
 1107               	.LBB123:
 1109               	.Ltext42:
 163:/usr/local/CrossPack-AVR-20131216/avr/include/util/delay.h **** 	__builtin_avr_delay_cycles(__ticks_dc);
 1111               	.LM113:
 1112 039c 4FEF      		ldi r20,lo8(159999)
 1113 039e E0E7      		ldi r30,hi8(159999)
 1114 03a0 F2E0      		ldi r31,hlo8(159999)
 1115 03a2 4150      		1: subi r20,1
 1116 03a4 E040      		sbci r30,0
 1117 03a6 F040      		sbci r31,0
 1118 03a8 01F4      		brne 1b
 1119 03aa 00C0      		rjmp .
 1120 03ac 0000      		nop
 1121               	.LBE123:
 1122               	.LBE122:
 1124               	.Ltext43:
 130:/Users/atakane/Documents/Electronics/avrSHT/avrSHT/sht/sht.c ****     _humidity = (_temperature - 25) * (0.01 + 0.00008 * __humidity) + _humidity;
 1126               	.LM114:
 1127 03ae 6981      		ldd r22,Y+1
 1128 03b0 7A81      		ldd r23,Y+2
 1129 03b2 8B81      		ldd r24,Y+3
 1130 03b4 9C81      		ldd r25,Y+4
 1131 03b6 0E94 0000 		call __fixunssfsi
 1132 03ba 962F      		mov r25,r22
 136:/Users/atakane/Documents/Electronics/avrSHT/avrSHT/sht/sht.c **** }
 1134               	.LM115:
 1135 03bc 812F      		mov r24,r17
 1136               	/* epilogue start */
 1137 03be 0F90      		pop __tmp_reg__
 1138 03c0 0F90      		pop __tmp_reg__
 1139 03c2 0F90      		pop __tmp_reg__
 1140 03c4 0F90      		pop __tmp_reg__
 1141 03c6 DF91      		pop r29
 1142 03c8 CF91      		pop r28
 1143 03ca 1F91      		pop r17
 1144 03cc FF90      		pop r15
 1145 03ce EF90      		pop r14
 1146 03d0 DF90      		pop r13
 1147 03d2 CF90      		pop r12
 1148 03d4 BF90      		pop r11
 1149 03d6 AF90      		pop r10
 1150 03d8 9F90      		pop r9
 1151 03da 8F90      		pop r8
 1152 03dc 7F90      		pop r7
 1153 03de 6F90      		pop r6
 1154 03e0 5F90      		pop r5
 1155 03e2 4F90      		pop r4
 1156 03e4 0895      		ret
 1161               	.Lscope10:
 1162               		.section	.rodata.str1.1,"aMS",@progbits,1
 1163               	.LC0:
 1164 0000 4875 6D69 		.string	"Humidity: %.2f, Temp: %.2f \n"
 1164      6469 7479 
 1164      3A20 252E 
 1164      3266 2C20 
 1164      5465 6D70 
 1165               		.section	.text.startup,"ax",@progbits
 1167               	.global	main
 1169               	main:
 1171               	.Ltext44:
   1:/Users/atakane/Documents/Electronics/avrSHT/avrSHT/main.c **** /*
   2:/Users/atakane/Documents/Electronics/avrSHT/avrSHT/main.c ****  *
   3:/Users/atakane/Documents/Electronics/avrSHT/avrSHT/main.c ****  * [Atmega328p - SHT11]
   4:/Users/atakane/Documents/Electronics/avrSHT/avrSHT/main.c ****  * Temperature & Humidity Measurement Application
   5:/Users/atakane/Documents/Electronics/avrSHT/avrSHT/main.c ****  * Author: aercys
   6:/Users/atakane/Documents/Electronics/avrSHT/avrSHT/main.c ****  * E-Mail: aercys@gmail.com
   7:/Users/atakane/Documents/Electronics/avrSHT/avrSHT/main.c ****  * Web: i2xr.com
   8:/Users/atakane/Documents/Electronics/avrSHT/avrSHT/main.c ****  * Date: 10/03/2015
   9:/Users/atakane/Documents/Electronics/avrSHT/avrSHT/main.c ****  *
  10:/Users/atakane/Documents/Electronics/avrSHT/avrSHT/main.c ****  */
  11:/Users/atakane/Documents/Electronics/avrSHT/avrSHT/main.c **** 
  12:/Users/atakane/Documents/Electronics/avrSHT/avrSHT/main.c **** 
  13:/Users/atakane/Documents/Electronics/avrSHT/avrSHT/main.c **** 
  14:/Users/atakane/Documents/Electronics/avrSHT/avrSHT/main.c **** #include <stdio.h>
  15:/Users/atakane/Documents/Electronics/avrSHT/avrSHT/main.c **** #include <avr/io.h>
  16:/Users/atakane/Documents/Electronics/avrSHT/avrSHT/main.c **** #include <avr/interrupt.h>
  17:/Users/atakane/Documents/Electronics/avrSHT/avrSHT/main.c **** #include <util/delay.h>
  18:/Users/atakane/Documents/Electronics/avrSHT/avrSHT/main.c **** #include <math.h>
  19:/Users/atakane/Documents/Electronics/avrSHT/avrSHT/main.c **** #include "sht/sht.h"
  20:/Users/atakane/Documents/Electronics/avrSHT/avrSHT/main.c **** #include "sht/sht.c"
  21:/Users/atakane/Documents/Electronics/avrSHT/avrSHT/main.c **** 
  22:/Users/atakane/Documents/Electronics/avrSHT/avrSHT/main.c **** 
  23:/Users/atakane/Documents/Electronics/avrSHT/avrSHT/main.c **** int main(void) {
 1173               	.LM116:
 1174               	.LFBB11:
 1175               	/* prologue: function */
 1176               	/* frame size = 0 */
 1177               	/* stack size = 0 */
 1178               	.L__stack_usage = 0
 1179               	.LBB124:
 1180               	.LBB125:
 1182               	.Ltext45:
 1184               	.LM117:
 1185 0000 8DE1      		ldi r24,lo8(29)
 1186 0002 8A95      		1: dec r24
 1187 0004 01F4      		brne 1b
 1188 0006 0000      		nop
 1189               	.LBE125:
 1190               	.LBE124:
 1192               	.Ltext46:
  24:/Users/atakane/Documents/Electronics/avrSHT/avrSHT/main.c ****     _delay_us(11);                  // Wait for sensor initialization
  25:/Users/atakane/Documents/Electronics/avrSHT/avrSHT/main.c ****     serial_init();
 1194               	.LM118:
 1195 0008 0E94 0000 		call serial_init
  26:/Users/atakane/Documents/Electronics/avrSHT/avrSHT/main.c ****     stdout = &uart_output; // Assign output
 1197               	.LM119:
 1198 000c 80E0      		ldi r24,lo8(uart_output)
 1199 000e 90E0      		ldi r25,hi8(uart_output)
 1200 0010 9093 0000 		sts __iob+2+1,r25
 1201 0014 8093 0000 		sts __iob+2,r24
 1202               	.LBB126:
  27:/Users/atakane/Documents/Electronics/avrSHT/avrSHT/main.c ****     while (1) {
  28:/Users/atakane/Documents/Electronics/avrSHT/avrSHT/main.c ****         sht_data data;
  29:/Users/atakane/Documents/Electronics/avrSHT/avrSHT/main.c ****         data = sht_sense();
  30:/Users/atakane/Documents/Electronics/avrSHT/avrSHT/main.c ****         printf("Humidity: %.2f, Temp: %.2f \n",
 1204               	.LM120:
 1205 0018 C0E0      		ldi r28,lo8(.LC0)
 1206 001a D0E0      		ldi r29,hi8(.LC0)
 1207               	.L43:
  29:/Users/atakane/Documents/Electronics/avrSHT/avrSHT/main.c ****         data = sht_sense();
 1209               	.LM121:
 1210 001c 0E94 0000 		call sht_sense
 1211 0020 192F      		mov r17,r25
 1213               	.LM122:
 1214 0022 682F      		mov r22,r24
 1215 0024 70E0      		ldi r23,0
 1216 0026 80E0      		ldi r24,0
 1217 0028 90E0      		ldi r25,0
 1218 002a 0E94 0000 		call __floatunsisf
 1219 002e 9F93      		push r25
 1220 0030 8F93      		push r24
 1221 0032 7F93      		push r23
 1222 0034 6F93      		push r22
 1223 0036 612F      		mov r22,r17
 1224 0038 70E0      		ldi r23,0
 1225 003a 80E0      		ldi r24,0
 1226 003c 90E0      		ldi r25,0
 1227 003e 0E94 0000 		call __floatunsisf
 1228 0042 9F93      		push r25
 1229 0044 8F93      		push r24
 1230 0046 7F93      		push r23
 1231 0048 6F93      		push r22
 1232 004a DF93      		push r29
 1233 004c CF93      		push r28
 1234 004e 0E94 0000 		call printf
 1235 0052 8DB7      		in r24,__SP_L__
 1236 0054 9EB7      		in r25,__SP_H__
 1237 0056 0A96      		adiw r24,10
 1238 0058 0FB6      		in __tmp_reg__,__SREG__
 1239 005a F894      		cli
 1240 005c 9EBF      		out __SP_H__,r25
 1241 005e 0FBE      		out __SREG__,__tmp_reg__
 1242 0060 8DBF      		out __SP_L__,r24
 1243 0062 00C0      		rjmp .L43
 1244               	.LBE126:
 1246               	.Lscope11:
 1247               	.global	uart_output
 1248               		.data
 1251               	uart_output:
 1252 0000 0000 00   		.zero	3
 1253 0003 02        		.byte	2
 1254 0004 0000 0000 		.zero	4
 1255 0008 0000      		.word	gs(send_uart_char)
 1256 000a 0000      		.word	0
 1257 000c 0000      		.word	0
 1259               		.text
 1261               	.Letext0:
 1262               		.ident	"GCC: (GNU) 4.8.1"
 1263               	.global __do_copy_data
DEFINED SYMBOLS
                            *ABS*:00000000 main.c
/var/folders/2t/x0mw6nss4_z3npyvmny7gnnm0000gn/T//ccVtXU5a.s:2      *ABS*:0000003e __SP_H__
/var/folders/2t/x0mw6nss4_z3npyvmny7gnnm0000gn/T//ccVtXU5a.s:3      *ABS*:0000003d __SP_L__
/var/folders/2t/x0mw6nss4_z3npyvmny7gnnm0000gn/T//ccVtXU5a.s:4      *ABS*:0000003f __SREG__
/var/folders/2t/x0mw6nss4_z3npyvmny7gnnm0000gn/T//ccVtXU5a.s:5      *ABS*:00000000 __tmp_reg__
/var/folders/2t/x0mw6nss4_z3npyvmny7gnnm0000gn/T//ccVtXU5a.s:6      *ABS*:00000001 __zero_reg__
/var/folders/2t/x0mw6nss4_z3npyvmny7gnnm0000gn/T//ccVtXU5a.s:117    .text:00000000 send_uart_char
/var/folders/2t/x0mw6nss4_z3npyvmny7gnnm0000gn/T//ccVtXU5a.s:156    .text:0000001e initialize_transmisson
/var/folders/2t/x0mw6nss4_z3npyvmny7gnnm0000gn/T//ccVtXU5a.s:280    .text:00000062 send_command
/var/folders/2t/x0mw6nss4_z3npyvmny7gnnm0000gn/T//ccVtXU5a.s:453    .text:000000da reset
/var/folders/2t/x0mw6nss4_z3npyvmny7gnnm0000gn/T//ccVtXU5a.s:525    .text:00000102 calculate_measured_data
/var/folders/2t/x0mw6nss4_z3npyvmny7gnnm0000gn/T//ccVtXU5a.s:632    .text:000001a4 serial_init
/var/folders/2t/x0mw6nss4_z3npyvmny7gnnm0000gn/T//ccVtXU5a.s:659    .text:000001b8 receive_bytes
/var/folders/2t/x0mw6nss4_z3npyvmny7gnnm0000gn/T//ccVtXU5a.s:751    .text:000001fa ack
/var/folders/2t/x0mw6nss4_z3npyvmny7gnnm0000gn/T//ccVtXU5a.s:827    .text:00000224 read_data
/var/folders/2t/x0mw6nss4_z3npyvmny7gnnm0000gn/T//ccVtXU5a.s:899    .text:00000266 sht_sense
/var/folders/2t/x0mw6nss4_z3npyvmny7gnnm0000gn/T//ccVtXU5a.s:1169   .text.startup:00000000 main
/var/folders/2t/x0mw6nss4_z3npyvmny7gnnm0000gn/T//ccVtXU5a.s:1251   .data:00000000 uart_output

UNDEFINED SYMBOLS
__floatunsisf
__mulsf3
__subsf3
__fixunssfsi
__floatsisf
__addsf3
__iob
printf
__do_copy_data
